Component: Arm Compiler for Embedded 6.24 Tool: armlink [5f371500]

==============================================================================

Section Cross References

    basic_io.o(.text.vPrintString) refers to tasks.o(.text.vTaskSuspendAll) for vTaskSuspendAll
    basic_io.o(.text.vPrintString) refers to basic_io.o(.bss.cBuffer) for cBuffer
    basic_io.o(.text.vPrintString) refers to basic_io.o(.rodata.str1.1) for .L.str
    basic_io.o(.text.vPrintString) refers to sprintf.o(.text) for sprintf
    basic_io.o(.text.vPrintString) refers to consoleprint.o(.text.consoleprint) for consoleprint
    basic_io.o(.text.vPrintString) refers to tasks.o(.text.xTaskResumeAll) for xTaskResumeAll
    basic_io.o(.ARM.exidx.text.vPrintString) refers to basic_io.o(.text.vPrintString) for [Anonymous Symbol]
    basic_io.o(.text.vPrintStringAndNumber) refers to tasks.o(.text.vTaskSuspendAll) for vTaskSuspendAll
    basic_io.o(.text.vPrintStringAndNumber) refers to basic_io.o(.bss.cBuffer) for cBuffer
    basic_io.o(.text.vPrintStringAndNumber) refers to basic_io.o(.rodata.str1.1) for .L.str.1
    basic_io.o(.text.vPrintStringAndNumber) refers to sprintf.o(.text) for sprintf
    basic_io.o(.text.vPrintStringAndNumber) refers to consoleprint.o(.text.consoleprint) for consoleprint
    basic_io.o(.text.vPrintStringAndNumber) refers to tasks.o(.text.xTaskResumeAll) for xTaskResumeAll
    basic_io.o(.ARM.exidx.text.vPrintStringAndNumber) refers to basic_io.o(.text.vPrintStringAndNumber) for [Anonymous Symbol]
    basic_io.o(.text.vPrintStringAndNumbers) refers to tasks.o(.text.vTaskSuspendAll) for vTaskSuspendAll
    basic_io.o(.text.vPrintStringAndNumbers) refers to basic_io.o(.bss.cBuffer) for cBuffer
    basic_io.o(.text.vPrintStringAndNumbers) refers to basic_io.o(.rodata.str1.1) for .L.str.2
    basic_io.o(.text.vPrintStringAndNumbers) refers to sprintf.o(.text) for sprintf
    basic_io.o(.text.vPrintStringAndNumbers) refers to consoleprint.o(.text.consoleprint) for consoleprint
    basic_io.o(.text.vPrintStringAndNumbers) refers to tasks.o(.text.xTaskResumeAll) for xTaskResumeAll
    basic_io.o(.ARM.exidx.text.vPrintStringAndNumbers) refers to basic_io.o(.text.vPrintStringAndNumbers) for [Anonymous Symbol]
    consoleprint.o(.text.consoleprint) refers to strlen.o(.text) for strlen
    consoleprint.o(.text.consoleprint) refers to retarget.o(.text.__write) for __write
    consoleprint.o(.ARM.exidx.text.consoleprint) refers to consoleprint.o(.text.consoleprint) for [Anonymous Symbol]
    retarget.o(.text.__write) refers to retarget.o(.text.ITM_SendChar) for ITM_SendChar
    retarget.o(.ARM.exidx.text.__write) refers to retarget.o(.text.__write) for [Anonymous Symbol]
    retarget.o(.ARM.exidx.text.ITM_SendChar) refers to retarget.o(.text.ITM_SendChar) for [Anonymous Symbol]
    retarget.o(.ARM.exidx.text._sys_exit) refers to retarget.o(.text._sys_exit) for [Anonymous Symbol]
    main.o(.ARM.exidx.text.Hardware_Init) refers to main.o(.text.Hardware_Init) for [Anonymous Symbol]
    main.o(.ARM.exidx.text.LED_Set) refers to main.o(.text.LED_Set) for [Anonymous Symbol]
    main.o(.ARM.exidx.text.LED_AllOff) refers to main.o(.text.LED_AllOff) for [Anonymous Symbol]
    main.o(.text.GPIOF_Handler) refers to main.o(.bss.xObstacleSemaphore) for xObstacleSemaphore
    main.o(.text.GPIOF_Handler) refers to queue.o(.text.xQueueGiveFromISR) for xQueueGiveFromISR
    main.o(.text.GPIOF_Handler) refers to main.o(.bss.xEntrySemaphore) for xEntrySemaphore
    main.o(.ARM.exidx.text.GPIOF_Handler) refers to main.o(.text.GPIOF_Handler) for [Anonymous Symbol]
    main.o(.text.vSafetyTask) refers to main.o(.rodata.str1.1) for .L.str
    main.o(.text.vSafetyTask) refers to basic_io.o(.text.vPrintString) for vPrintString
    main.o(.text.vSafetyTask) refers to main.o(.bss.xObstacleSemaphore) for xObstacleSemaphore
    main.o(.text.vSafetyTask) refers to queue.o(.text.xQueueSemaphoreTake) for xQueueSemaphoreTake
    main.o(.text.vSafetyTask) refers to main.o(.text.GateState_CompareAndSet) for GateState_CompareAndSet
    main.o(.text.vSafetyTask) refers to main.o(.text.LED_AllOff) for LED_AllOff
    main.o(.text.vSafetyTask) refers to main.o(.text.LED_Set) for LED_Set
    main.o(.text.vSafetyTask) refers to tasks.o(.text.vTaskDelay) for vTaskDelay
    main.o(.ARM.exidx.text.vSafetyTask) refers to main.o(.text.vSafetyTask) for [Anonymous Symbol]
    main.o(.text.GateState_CompareAndSet) refers to main.o(.bss.xGateStateMutex) for xGateStateMutex
    main.o(.text.GateState_CompareAndSet) refers to queue.o(.text.xQueueSemaphoreTake) for xQueueSemaphoreTake
    main.o(.text.GateState_CompareAndSet) refers to main.o(.bss.gateState) for gateState
    main.o(.text.GateState_CompareAndSet) refers to queue.o(.text.xQueueGenericSend) for xQueueGenericSend
    main.o(.ARM.exidx.text.GateState_CompareAndSet) refers to main.o(.text.GateState_CompareAndSet) for [Anonymous Symbol]
    main.o(.text.vEntryTask) refers to main.o(.rodata.str1.1) for .L.str.2
[...]
    [Anonymous Symbol]                       0x20002c34   Section        0  timers.o(.bss.xActiveTimerList1)
    xActiveTimerList2                        0x20002c48   Data          20  timers.o(.bss.xActiveTimerList2)
    [Anonymous Symbol]                       0x20002c48   Section        0  timers.o(.bss.xActiveTimerList2)
    xDelayedTaskList1                        0x20002c5c   Data          20  tasks.o(.bss.xDelayedTaskList1)
    [Anonymous Symbol]                       0x20002c5c   Section        0  tasks.o(.bss.xDelayedTaskList1)
    xDelayedTaskList2                        0x20002c70   Data          20  tasks.o(.bss.xDelayedTaskList2)
    [Anonymous Symbol]                       0x20002c70   Section        0  tasks.o(.bss.xDelayedTaskList2)
    xFreeBytesRemaining                      0x20002c8c   Data           4  heap_4.o(.bss.xFreeBytesRemaining)
    [Anonymous Symbol]                       0x20002c8c   Section        0  heap_4.o(.bss.xFreeBytesRemaining)
    xIdleTaskHandles                         0x20002c94   Data           4  tasks.o(.bss.xIdleTaskHandles)
    [Anonymous Symbol]                       0x20002c94   Section        0  tasks.o(.bss.xIdleTaskHandles)
    xMinimumEverFreeBytesRemaining           0x20002c98   Data           4  heap_4.o(.bss.xMinimumEverFreeBytesRemaining)
    [Anonymous Symbol]                       0x20002c98   Section        0  heap_4.o(.bss.xMinimumEverFreeBytesRemaining)
    xNextTaskUnblockTime                     0x20002c9c   Data           4  tasks.o(.bss.xNextTaskUnblockTime)
    [Anonymous Symbol]                       0x20002c9c   Section        0  tasks.o(.bss.xNextTaskUnblockTime)
    xNumOfOverflows                          0x20002ca0   Data           4  tasks.o(.bss.xNumOfOverflows)
    [Anonymous Symbol]                       0x20002ca0   Section        0  tasks.o(.bss.xNumOfOverflows)
    xNumberOfSuccessfulAllocations           0x20002ca4   Data           4  heap_4.o(.bss.xNumberOfSuccessfulAllocations)
    [Anonymous Symbol]                       0x20002ca4   Section        0  heap_4.o(.bss.xNumberOfSuccessfulAllocations)
    xNumberOfSuccessfulFrees                 0x20002ca8   Data           4  heap_4.o(.bss.xNumberOfSuccessfulFrees)
    [Anonymous Symbol]                       0x20002ca8   Section        0  heap_4.o(.bss.xNumberOfSuccessfulFrees)
    xPendedTicks                             0x20002cb4   Data           4  tasks.o(.bss.xPendedTicks)
    [Anonymous Symbol]                       0x20002cb4   Section        0  tasks.o(.bss.xPendedTicks)
    xPendingReadyList                        0x20002cb8   Data          20  tasks.o(.bss.xPendingReadyList)
    [Anonymous Symbol]                       0x20002cb8   Section        0  tasks.o(.bss.xPendingReadyList)
    xSchedulerRunning                        0x20002ccc   Data           4  tasks.o(.bss.xSchedulerRunning)
    [Anonymous Symbol]                       0x20002ccc   Section        0  tasks.o(.bss.xSchedulerRunning)
    xStart                                   0x20002cd0   Data           8  heap_4.o(.bss.xStart)
    [Anonymous Symbol]                       0x20002cd0   Section        0  heap_4.o(.bss.xStart)
    xSuspendedTaskList                       0x20002cd8   Data          20  tasks.o(.bss.xSuspendedTaskList)
    [Anonymous Symbol]                       0x20002cd8   Section        0  tasks.o(.bss.xSuspendedTaskList)
    xTasksWaitingTermination                 0x20002cec   Data          20  tasks.o(.bss.xTasksWaitingTermination)
    [Anonymous Symbol]                       0x20002cec   Section        0  tasks.o(.bss.xTasksWaitingTermination)
    xTickCount                               0x20002d00   Data           4  tasks.o(.bss.xTickCount)
    [Anonymous Symbol]                       0x20002d00   Section        0  tasks.o(.bss.xTickCount)
    xTimerQueue                              0x20002d04   Data           4  timers.o(.bss.xTimerQueue)
    [Anonymous Symbol]                       0x20002d04   Section        0  timers.o(.bss.xTimerQueue)
    xTimerTaskHandle                         0x20002d08   Data           4  timers.o(.bss.xTimerTaskHandle)
    [Anonymous Symbol]                       0x20002d08   Section        0  timers.o(.bss.xTimerTaskHandle)
    xYieldPendings                           0x20002d0c   Data           4  tasks.o(.bss.xYieldPendings)
    [Anonymous Symbol]                       0x20002d0c   Section        0  tasks.o(.bss.xYieldPendings)
    Heap_Mem                                 0x20002d10   Data           0  startup_tm4c123.o(HEAP)
    Stack_Mem                                0x20002d10   Data         512  startup_tm4c123.o(STACK)
    HEAP                                     0x20002d10   Section        0  startup_tm4c123.o(HEAP)
    STACK                                    0x20002d10   Section      512  startup_tm4c123.o(STACK)
    __initial_sp                             0x20002f10   Data           0  startup_tm4c123.o(STACK)

    Global Symbols

    Symbol Name                              Value     Ov Type        Size  Object(Section)

    BuildAttributes$$THM_ISAv4$E$P$D$K$B$S$7EM$VFPi3$EXTD16$VFPS$VFMA$PE$A:L22UL41UL21$X:L11$S22US41US21$IEEE1$IW$~IW$USESV6$~STKCKD$USESV7$~SHL$OTIME$ROPI$IEEEJ$EBA8$UX$STANDARDLIB$REQ8$PRES8$EABIv2 0x00000000   Number         0  anon$$obj.o ABSOLUTE
    __Vectors                                0x00000000   Data           4  startup_tm4c123.o(RESET)
    _printf_flags                            0x00000000   Number         0  printf_stubs.o ABSOLUTE
    _printf_return_value                     0x00000000   Number         0  printf_stubs.o ABSOLUTE
    _printf_sizespec                         0x00000000   Number         0  printf_stubs.o ABSOLUTE
    _printf_widthprec                        0x00000000   Number         0  printf_stubs.o ABSOLUTE
    __ARM_exceptions_init                     - Undefined Weak Reference
    __alloca_initialize                       - Undefined Weak Reference
    __arm_preinit_                            - Undefined Weak Reference
    __arm_relocate_pie_                       - Undefined Weak Reference
    __cpp_initialize__aeabi_                  - Undefined Weak Reference
    __cxa_finalize                            - Undefined Weak Reference
    __sigvec_lookup                           - Undefined Weak Reference
    _atexit_init                              - Undefined Weak Reference
    _call_atexit_fns                          - Undefined Weak Reference
    _clock_init                               - Undefined Weak Reference
    _fp_trap_init                             - Undefined Weak Reference
    _fp_trap_shutdown                         - Undefined Weak Reference
    _get_lc_collate                           - Undefined Weak Reference
    _get_lc_monetary                          - Undefined Weak Reference
    _get_lc_time                              - Undefined Weak Reference
    _getenv_init                              - Undefined Weak Reference
    _handle_redirection                       - Undefined Weak Reference
    _init_alloc                               - Undefined Weak Reference
    _init_user_alloc                          - Undefined Weak Reference
    _initio                                   - Undefined Weak Reference
    _printf_mbtowc                            - Undefined Weak Reference
    _printf_wc                                - Undefined Weak Reference
    _rand_init                                - Undefined Weak Reference
    _signal_finish                            - Undefined Weak Reference
    _signal_init                              - Undefined Weak Reference
    _terminate_alloc                          - Undefined Weak Reference
    _terminate_user_alloc                     - Undefined Weak Reference
    _terminateio                              - Undefined Weak Reference
    __Vectors_End                            0x0000026c   Data           0  startup_tm4c123.o(RESET)
    __Vectors_Size                           0x0000026c   Number         0  startup_tm4c123.o ABSOLUTE
    __main                                   0x0000026d   Thumb Code     8  __main.o(!!!main)
    __scatterload                            0x00000275   Thumb Code     0  __scatter.o(!!!scatter)
    __scatterload_rt2                        0x00000275   Thumb Code    84  __scatter.o(!!!scatter)
    __scatterload_rt2_thumb_only             0x00000275   Thumb Code     0  __scatter.o(!!!scatter)
    __scatterload_loop                       0x0000027f   Thumb Code     0  __scatter.o(!!!scatter)
    __scatterload_copy                       0x000002d1   Thumb Code    26  __scatter_copy.o(!!handler_copy)
    __scatterload_null                       0x000002ed   Thumb Code     2  __scatter.o(!!handler_null)
    __scatterload_zeroinit                   0x000002f1   Thumb Code    28  __scatter_zi.o(!!handler_zi)
    _printf_n                                0x0000030d   Thumb Code     0  _printf_n.o(.ARM.Collect$$_printf_percent$$00000001)
    _printf_percent                          0x0000030d   Thumb Code     0  _printf_percent.o(.ARM.Collect$$_printf_percent$$00000000)
    _printf_p                                0x00000313   Thumb Code     0  _printf_p.o(.ARM.Collect$$_printf_percent$$00000002)
    _printf_f                                0x00000319   Thumb Code     0  _printf_f.o(.ARM.Collect$$_printf_percent$$00000003)
    _printf_e                                0x0000031f   Thumb Code     0  _printf_e.o(.ARM.Collect$$_printf_percent$$00000004)
    _printf_g                                0x00000325   Thumb Code     0  _printf_g.o(.ARM.Collect$$_printf_percent$$00000005)
    _printf_a                                0x0000032b   Thumb Code     0  _printf_a.o(.ARM.Collect$$_printf_percent$$00000006)
    _printf_ll                               0x00000331   Thumb Code     0  _printf_ll.o(.ARM.Collect$$_printf_percent$$00000007)
    _printf_i                                0x0000033b   Thumb Code     0  _printf_i.o(.ARM.Collect$$_printf_percent$$00000008)
    _printf_d                                0x00000341   Thumb Code     0  _printf_d.o(.ARM.Collect$$_printf_percent$$00000009)
    _printf_u                                0x00000347   Thumb Code     0  _printf_u.o(.ARM.Collect$$_printf_percent$$0000000A)
    _printf_o                                0x0000034d   Thumb Code     0  _printf_o.o(.ARM.Collect$$_printf_percent$$0000000B)
    _printf_x                                0x00000353   Thumb Code     0  _printf_x.o(.ARM.Collect$$_printf_percent$$0000000C)
    _printf_lli                              0x00000359   Thumb Code     0  _printf_lli.o(.ARM.Collect$$_printf_percent$$0000000D)
    _printf_lld                              0x0000035f   Thumb Code     0  _printf_lld.o(.ARM.Collect$$_printf_percent$$0000000E)
    _printf_llu                              0x00000365   Thumb Code     0  _printf_llu.o(.ARM.Collect$$_printf_percent$$0000000F)
    _printf_llo                              0x0000036b   Thumb Code     0  _printf_llo.o(.ARM.Collect$$_printf_percent$$00000010)
    _printf_llx                              0x00000371   Thumb Code     0  _printf_llx.o(.ARM.Collect$$_printf_percent$$00000011)
    _printf_l                                0x00000377   Thumb Code     0  _printf_l.o(.ARM.Collect$$_printf_percent$$00000012)
    _printf_c                                0x00000381   Thumb Code     0  _printf_c.o(.ARM.Collect$$_printf_percent$$00000013)
    _printf_s                                0x00000387   Thumb Code     0  _printf_s.o(.ARM.Collect$$_printf_percent$$00000014)
    _printf_lc                               0x0000038d   Thumb Code     0  _printf_lc.o(.ARM.Collect$$_printf_percent$$00000015)
    _printf_ls                               0x00000393   Thumb Code     0  _printf_ls.o(.ARM.Collect$$_printf_percent$$00000016)
    _printf_percent_end                      0x00000399   Thumb Code     0  _printf_percent_end.o(.ARM.Collect$$_printf_percent$$00000017)
    __rt_lib_init                            0x0000039d   Thumb Code     0  libinit.o(.ARM.Collect$$libinit$$00000000)
    __rt_lib_init_fp_1                       0x0000039f   Thumb Code     0  libinit2.o(.ARM.Collect$$libinit$$00000001)
    __rt_lib_init_heap_1                     0x000003a3   Thumb Code     0  libinit2.o(.ARM.Collect$$libinit$$0000000C)
    __rt_lib_init_lc_common                  0x000003a3   Thumb Code     0  libinit2.o(.ARM.Collect$$libinit$$00000011)
    __rt_lib_init_preinit_1                  0x000003a3   Thumb Code     0  libinit2.o(.ARM.Collect$$libinit$$00000006)
    __rt_lib_init_rand_1                     0x000003a3   Thumb Code     0  libinit2.o(.ARM.Collect$$libinit$$00000010)
    __rt_lib_init_relocate_pie_1             0x000003a3   Thumb Code     0  libinit2.o(.ARM.Collect$$libinit$$00000004)
    __rt_lib_init_user_alloc_1               0x000003a3   Thumb Code     0  libinit2.o(.ARM.Collect$$libinit$$0000000E)
    __rt_lib_init_lc_collate_1               0x000003a9   Thumb Code     0  libinit2.o(.ARM.Collect$$libinit$$00000013)
    __rt_lib_init_lc_ctype_2                 0x000003a9   Thumb Code     0  libinit2.o(.ARM.Collect$$libinit$$00000014)
    __rt_lib_init_lc_ctype_1                 0x000003b5   Thumb Code     0  libinit2.o(.ARM.Collect$$libinit$$00000015)
    __rt_lib_init_lc_monetary_1              0x000003b5   Thumb Code     0  libinit2.o(.ARM.Collect$$libinit$$00000017)
    __rt_lib_init_lc_numeric_2               0x000003b5   Thumb Code     0  libinit2.o(.ARM.Collect$$libinit$$00000018)
    __rt_lib_init_alloca_1                   0x000003bf   Thumb Code     0  libinit2.o(.ARM.Collect$$libinit$$00000030)
    __rt_lib_init_argv_1                     0x000003bf   Thumb Code     0  libinit2.o(.ARM.Collect$$libinit$$0000002E)
    __rt_lib_init_atexit_1                   0x000003bf   Thumb Code     0  libinit2.o(.ARM.Collect$$libinit$$0000001D)
    __rt_lib_init_clock_1                    0x000003bf   Thumb Code     0  libinit2.o(.ARM.Collect$$libinit$$00000023)
    __rt_lib_init_cpp_1                      0x000003bf   Thumb Code     0  libinit2.o(.ARM.Collect$$libinit$$00000034)
    __rt_lib_init_exceptions_1               0x000003bf   Thumb Code     0  libinit2.o(.ARM.Collect$$libinit$$00000032)
    __rt_lib_init_fp_trap_1                  0x000003bf   Thumb Code     0  libinit2.o(.ARM.Collect$$libinit$$00000021)
    __rt_lib_init_getenv_1                   0x000003bf   Thumb Code     0  libinit2.o(.ARM.Collect$$libinit$$00000025)
    __rt_lib_init_lc_numeric_1               0x000003bf   Thumb Code     0  libinit2.o(.ARM.Collect$$libinit$$00000019)
    __rt_lib_init_lc_time_1                  0x000003bf   Thumb Code     0  libinit2.o(.ARM.Collect$$libinit$$0000001B)
    __rt_lib_init_return                     0x000003bf   Thumb Code     0  libinit2.o(.ARM.Collect$$libinit$$00000035)
    __rt_lib_init_signal_1                   0x000003bf   Thumb Code     0  libinit2.o(.ARM.Collect$$libinit$$0000001F)
    __rt_lib_init_stdio_1                    0x000003bf   Thumb Code     0  libinit2.o(.ARM.Collect$$libinit$$00000027)
    __rt_lib_shutdown                        0x000003c1   Thumb Code     0  libshutdown.o(.ARM.Collect$$libshutdown$$00000000)
    __rt_lib_shutdown_cpp_1                  0x000003c3   Thumb Code     0  libshutdown2.o(.ARM.Collect$$libshutdown$$00000002)
    __rt_lib_shutdown_fp_trap_1              0x000003c3   Thumb Code     0  libshutdown2.o(.ARM.Collect$$libshutdown$$00000007)
    __rt_lib_shutdown_heap_1                 0x000003c3   Thumb Code     0  libshutdown2.o(.ARM.Collect$$libshutdown$$0000000F)
    __rt_lib_shutdown_return                 0x000003c3   Thumb Code     0  libshutdown2.o(.ARM.Collect$$libshutdown$$00000010)
    __rt_lib_shutdown_signal_1               0x000003c3   Thumb Code     0  libshutdown2.o(.ARM.Collect$$libshutdown$$0000000A)
    __rt_lib_shutdown_stdio_1                0x000003c3   Thumb Code     0  libshutdown2.o(.ARM.Collect$$libshutdown$$00000004)
    __rt_lib_shutdown_user_alloc_1           0x000003c3   Thumb Code     0  libshutdown2.o(.ARM.Collect$$libshutdown$$0000000C)
    __rt_entry                               0x000003c5   Thumb Code     0  __rtentry.o(.ARM.Collect$$rtentry$$00000000)
    __rt_entry_presh_1                       0x000003c5   Thumb Code     0  __rtentry2.o(.ARM.Collect$$rtentry$$00000002)
    __rt_entry_sh                            0x000003c5   Thumb Code     0  __rtentry4.o(.ARM.Collect$$rtentry$$00000004)
    __rt_entry_postsh_1                      0x000003cb   Thumb Code     0  __rtentry2.o(.ARM.Collect$$rtentry$$00000008)
    __rt_entry_li                            0x000003d3   Thumb Code     0  __rtentry2.o(.ARM.Collect$$rtentry$$0000000A)
    __rt_entry_main                          0x000003d7   Thumb Code     0  __rtentry2.o(.ARM.Collect$$rtentry$$0000000D)
    __rt_entry_postli_1                      0x000003d7   Thumb Code     0  __rtentry2.o(.ARM.Collect$$rtentry$$0000000C)
    __rt_exit                                0x000003df   Thumb Code     0  rtexit.o(.ARM.Collect$$rtexit$$00000000)
    __rt_exit_ls                             0x000003e1   Thumb Code     0  rtexit2.o(.ARM.Collect$$rtexit$$00000003)
    __rt_exit_prels_1                        0x000003e1   Thumb Code     0  rtexit2.o(.ARM.Collect$$rtexit$$00000002)
    __rt_exit_exit                           0x000003e5   Thumb Code     0  rtexit2.o(.ARM.Collect$$rtexit$$00000004)
    Reset_Handler                            0x000003ed   Thumb Code     8  startup_tm4c123.o(.text)
    NMI_Handler                              0x000003f5   Thumb Code     2  startup_tm4c123.o(.text)
    HardFault_Handler                        0x000003f7   Thumb Code     2  startup_tm4c123.o(.text)
    MemManage_Handler                        0x000003f9   Thumb Code     2  startup_tm4c123.o(.text)
    BusFault_Handler                         0x000003fb   Thumb Code     2  startup_tm4c123.o(.text)
    UsageFault_Handler                       0x000003fd   Thumb Code     2  startup_tm4c123.o(.text)
    DebugMon_Handler                         0x00000401   Thumb Code     2  startup_tm4c123.o(.text)
    GPIOA_Handler                            0x00000407   Thumb Code     2  startup_tm4c123.o(.text)
    GPIOB_Handler                            0x00000409   Thumb Code     2  startup_tm4c123.o(.text)
    GPIOC_Handler                            0x0000040b   Thumb Code     2  startup_tm4c123.o(.text)
    GPIOD_Handler                            0x0000040d   Thumb Code     2  startup_tm4c123.o(.text)
    GPIOE_Handler                            0x0000040f   Thumb Code     2  startup_tm4c123.o(.text)
    UART0_Handler                            0x00000411   Thumb Code     2  startup_tm4c123.o(.text)
    UART1_Handler                            0x00000413   Thumb Code     2  startup_tm4c123.o(.text)
    SSI0_Handler                             0x00000415   Thumb Code     2  startup_tm4c123.o(.text)
    I2C0_Handler                             0x00000417   Thumb Code     2  startup_tm4c123.o(.text)
    PMW0_FAULT_Handler                       0x00000419   Thumb Code     2  startup_tm4c123.o(.text)
    PWM0_0_Handler                           0x0000041b   Thumb Code     2  startup_tm4c123.o(.text)
    PWM0_1_Handler                           0x0000041d   Thumb Code     2  startup_tm4c123.o(.text)
    PWM0_2_Handler                           0x0000041f   Thumb Code     2  startup_tm4c123.o(.text)
    QEI0_Handler                             0x00000421   Thumb Code     2  startup_tm4c123.o(.text)
    ADC0SS0_Handler                          0x00000423   Thumb Code     2  startup_tm4c123.o(.text)
    ADC0SS1_Handler                          0x00000425   Thumb Code     2  startup_tm4c123.o(.text)
    ADC0SS2_Handler                          0x00000427   Thumb Code     2  startup_tm4c123.o(.text)
    ADC0SS3_Handler                          0x00000429   Thumb Code     2  startup_tm4c123.o(.text)
    WDT0_Handler                             0x0000042b   Thumb Code     2  startup_tm4c123.o(.text)
    TIMER0A_Handler                          0x0000042d   Thumb Code     2  startup_tm4c123.o(.text)
    TIMER0B_Handler                          0x0000042f   Thumb Code     2  startup_tm4c123.o(.text)
    TIMER1A_Handler                          0x00000431   Thumb Code     2  startup_tm4c123.o(.text)
    TIMER1B_Handler                          0x00000433   Thumb Code     2  startup_tm4c123.o(.text)
    TIMER2A_Handler                          0x00000435   Thumb Code     2  startup_tm4c123.o(.text)
    TIMER2B_Handler                          0x00000437   Thumb Code     2  startup_tm4c123.o(.text)
    COMP0_Handler                            0x00000439   Thumb Code     2  startup_tm4c123.o(.text)
    COMP1_Handler                            0x0000043b   Thumb Code     2  startup_tm4c123.o(.text)
    COMP2_Handler                            0x0000043d   Thumb Code     2  startup_tm4c123.o(.text)
    SYSCTL_Handler                           0x0000043f   Thumb Code     2  startup_tm4c123.o(.text)
    FLASH_Handler                            0x00000441   Thumb Code     2  startup_tm4c123.o(.text)
    GPIOG_Handler                            0x00000445   Thumb Code     2  startup_tm4c123.o(.text)
    GPIOH_Handler                            0x00000447   Thumb Code     2  startup_tm4c123.o(.text)
    UART2_Handler                            0x00000449   Thumb Code     2  startup_tm4c123.o(.text)
    SSI1_Handler                             0x0000044b   Thumb Code     2  startup_tm4c123.o(.text)
    TIMER3A_Handler                          0x0000044d   Thumb Code     2  startup_tm4c123.o(.text)
    TIMER3B_Handler                          0x0000044f   Thumb Code     2  startup_tm4c123.o(.text)
    I2C1_Handler                             0x00000451   Thumb Code     2  startup_tm4c123.o(.text)
    QEI1_Handler                             0x00000453   Thumb Code     2  startup_tm4c123.o(.text)
    CAN0_Handler                             0x00000455   Thumb Code     2  startup_tm4c123.o(.text)
    CAN1_Handler                             0x00000457   Thumb Code     2  startup_tm4c123.o(.text)
    CAN2_Handler                             0x00000459   Thumb Code     2  startup_tm4c123.o(.text)
    HIB_Handler                              0x0000045b   Thumb Code     2  startup_tm4c123.o(.text)
    USB0_Handler                             0x0000045d   Thumb Code     2  startup_tm4c123.o(.text)
    PWM0_3_Handler                           0x0000045f   Thumb Code     2  startup_tm4c123.o(.text)
    UDMA_Handler                             0x00000461   Thumb Code     2  startup_tm4c123.o(.text)
    UDMAERR_Handler                          0x00000463   Thumb Code     2  startup_tm4c123.o(.text)
    ADC1SS0_Handler                          0x00000465   Thumb Code     2  startup_tm4c123.o(.text)
    ADC1SS1_Handler                          0x00000467   Thumb Code     2  startup_tm4c123.o(.text)
    ADC1SS2_Handler                          0x00000469   Thumb Code     2  startup_tm4c123.o(.text)
    ADC1SS3_Handler                          0x0000046b   Thumb Code     2  startup_tm4c123.o(.text)
    GPIOJ_Handler                            0x0000046d   Thumb Code     2  startup_tm4c123.o(.text)
    GPIOK_Handler                            0x0000046f   Thumb Code     2  startup_tm4c123.o(.text)
    GPIOL_Handler                            0x00000471   Thumb Code     2  startup_tm4c123.o(.text)
    SSI2_Handler                             0x00000473   Thumb Code     2  startup_tm4c123.o(.text)
    SSI3_Handler                             0x00000475   Thumb Code     2  startup_tm4c123.o(.text)
    UART3_Handler                            0x00000477   Thumb Code     2  startup_tm4c123.o(.text)
    UART4_Handler                            0x00000479   Thumb Code     2  startup_tm4c123.o(.text)
    UART5_Handler                            0x0000047b   Thumb Code     2  startup_tm4c123.o(.text)
    UART6_Handler                            0x0000047d   Thumb Code     2  startup_tm4c123.o(.text)
    UART7_Handler                            0x0000047f   Thumb Code     2  startup_tm4c123.o(.text)
    I2C2_Handler                             0x00000481   Thumb Code     2  startup_tm4c123.o(.text)
    I2C3_Handler                             0x00000483   Thumb Code     2  startup_tm4c123.o(.text)
    TIMER4A_Handler                          0x00000485   Thumb Code     2  startup_tm4c123.o(.text)
    TIMER4B_Handler                          0x00000487   Thumb Code     2  startup_tm4c123.o(.text)
    TIMER5A_Handler                          0x00000489   Thumb Code     2  startup_tm4c123.o(.text)
    TIMER5B_Handler                          0x0000048b   Thumb Code     2  startup_tm4c123.o(.text)
    WTIMER0A_Handler                         0x0000048d   Thumb Code     2  startup_tm4c123.o(.text)
    WTIMER0B_Handler                         0x0000048f   Thumb Code     2  startup_tm4c123.o(.text)
    WTIMER1A_Handler                         0x00000491   Thumb Code     2  startup_tm4c123.o(.text)
    WTIMER1B_Handler                         0x00000493   Thumb Code     2  startup_tm4c123.o(.text)
    WTIMER2A_Handler                         0x00000495   Thumb Code     2  startup_tm4c123.o(.text)
    WTIMER2B_Handler                         0x00000497   Thumb Code     2  startup_tm4c123.o(.text)
    WTIMER3A_Handler                         0x00000499   Thumb Code     2  startup_tm4c123.o(.text)
    WTIMER3B_Handler                         0x0000049b   Thumb Code     2  startup_tm4c123.o(.text)
    WTIMER4A_Handler                         0x0000049d   Thumb Code     2  startup_tm4c123.o(.text)
    WTIMER4B_Handler                         0x0000049f   Thumb Code     2  startup_tm4c123.o(.text)
    WTIMER5A_Handler                         0x000004a1   Thumb Code     2  startup_tm4c123.o(.text)
    WTIMER5B_Handler                         0x000004a3   Thumb Code     2  startup_tm4c123.o(.text)
    FPU_Handler                              0x000004a5   Thumb Code     2  startup_tm4c123.o(.text)
    I2C4_Handler                             0x000004a7   Thumb Code     2  startup_tm4c123.o(.text)
    I2C5_Handler                             0x000004a9   Thumb Code     2  startup_tm4c123.o(.text)
    GPIOM_Handler                            0x000004ab   Thumb Code     2  startup_tm4c123.o(.text)
    GPION_Handler                            0x000004ad   Thumb Code     2  startup_tm4c123.o(.text)
    QEI2_Handler                             0x000004af   Thumb Code     2  startup_tm4c123.o(.text)
    GPIOP0_Handler                           0x000004b1   Thumb Code     2  startup_tm4c123.o(.text)
    GPIOP1_Handler                           0x000004b3   Thumb Code     2  startup_tm4c123.o(.text)
    GPIOP2_Handler                           0x000004b5   Thumb Code     2  startup_tm4c123.o(.text)
    GPIOP3_Handler                           0x000004b7   Thumb Code     2  startup_tm4c123.o(.text)
    GPIOP4_Handler                           0x000004b9   Thumb Code     2  startup_tm4c123.o(.text)
    GPIOP5_Handler                           0x000004bb   Thumb Code     2  startup_tm4c123.o(.text)
    GPIOP6_Handler                           0x000004bd   Thumb Code     2  startup_tm4c123.o(.text)
    GPIOP7_Handler                           0x000004bf   Thumb Code     2  startup_tm4c123.o(.text)
    GPIOQ0_Handler                           0x000004c1   Thumb Code     2  startup_tm4c123.o(.text)
    GPIOQ1_Handler                           0x000004c3   Thumb Code     2  startup_tm4c123.o(.text)
    GPIOQ2_Handler                           0x000004c5   Thumb Code     2  startup_tm4c123.o(.text)
    GPIOQ3_Handler                           0x000004c7   Thumb Code     2  startup_tm4c123.o(.text)
    GPIOQ4_Handler                           0x000004c9   Thumb Code     2  startup_tm4c123.o(.text)
    GPIOQ5_Handler                           0x000004cb   Thumb Code     2  startup_tm4c123.o(.text)
    GPIOQ6_Handler                           0x000004cd   Thumb Code     2  startup_tm4c123.o(.text)
    GPIOQ7_Handler                           0x000004cf   Thumb Code     2  startup_tm4c123.o(.text)
    GPIOR_Handler                            0x000004d1   Thumb Code     2  startup_tm4c123.o(.text)
    GPIOS_Handler                            0x000004d3   Thumb Code     2  startup_tm4c123.o(.text)
    PMW1_0_Handler                           0x000004d5   Thumb Code     2  startup_tm4c123.o(.text)
    PWM1_1_Handler                           0x000004d7   Thumb Code     2  startup_tm4c123.o(.text)
    PWM1_2_Handler                           0x000004d9   Thumb Code     2  startup_tm4c123.o(.text)
    PWM1_3_Handler                           0x000004db   Thumb Code     2  startup_tm4c123.o(.text)
    PWM1_FAULT_Handler                       0x000004dd   Thumb Code     2  startup_tm4c123.o(.text)
    __user_initial_stackheap                 0x000004e1   Thumb Code     0  startup_tm4c123.o(.text)
    sprintf                                  0x00000501   Thumb Code    38  sprintf.o(.text)
    strlen                                   0x0000052d   Thumb Code    62  strlen.o(.text)
    __aeabi_memcpy                           0x0000056b   Thumb Code     0  rt_memcpy_v6.o(.text)
    __rt_memcpy                              0x0000056b   Thumb Code   138  rt_memcpy_v6.o(.text)
    _memcpy_lastbytes                        0x000005d1   Thumb Code     0  rt_memcpy_v6.o(.text)
    __aeabi_memset4                          0x000005f5   Thumb Code    16  aeabi_memset4.o(.text)
    __aeabi_memset8                          0x000005f5   Thumb Code     0  aeabi_memset4.o(.text)
    __aeabi_memclr                           0x00000605   Thumb Code     0  rt_memclr.o(.text)
    __rt_memclr                              0x00000605   Thumb Code     0  rt_memclr.o(.text)
    _memset                                  0x00000609   Thumb Code    64  rt_memclr.o(.text)
    strcmp                                   0x00000649   Thumb Code   124  strcmpv7em.o(.text)
    __use_two_region_memory                  0x000006c5   Thumb Code     2  heapauxi.o(.text)
    __rt_heap_escrow$2region                 0x000006c7   Thumb Code     2  heapauxi.o(.text)
    __rt_heap_expand$2region                 0x000006c9   Thumb Code     2  heapauxi.o(.text)
    _printf_pre_padding                      0x000006cb   Thumb Code    44  _printf_pad.o(.text)
    _printf_post_padding                     0x000006f7   Thumb Code    34  _printf_pad.o(.text)
    _printf_truncate_signed                  0x00000719   Thumb Code    18  _printf_truncate.o(.text)
    _printf_truncate_unsigned                0x0000072b   Thumb Code    18  _printf_truncate.o(.text)
    _printf_str                              0x0000073d   Thumb Code    82  _printf_str.o(.text)
    _printf_int_dec                          0x00000791   Thumb Code   104  _printf_dec.o(.text)
    _printf_charcount                        0x00000809   Thumb Code    40  _printf_charcount.o(.text)
    _printf_char_common                      0x0000083b   Thumb Code    32  _printf_char_common.o(.text)
    _sputc                                   0x00000861   Thumb Code    10  _sputc.o(.text)
    _printf_wctomb                           0x0000086d   Thumb Code   182  _printf_wctomb.o(.text)
    _printf_longlong_dec                     0x00000929   Thumb Code   108  _printf_longlong_dec.o(.text)
    _printf_longlong_oct                     0x000009a5   Thumb Code    68  _printf_oct_int_ll.o(.text)
    _printf_int_oct                          0x000009e9   Thumb Code    24  _printf_oct_int_ll.o(.text)
    _printf_ll_oct                           0x00000a01   Thumb Code    12  _printf_oct_int_ll.o(.text)
    _printf_longlong_hex                     0x00000a15   Thumb Code    86  _printf_hex_int_ll_ptr.o(.text)
    _printf_int_hex                          0x00000a6b   Thumb Code    28  _printf_hex_int_ll_ptr.o(.text)
    _printf_ll_hex                           0x00000a87   Thumb Code    12  _printf_hex_int_ll_ptr.o(.text)
    _printf_hex_ptr                          0x00000a93   Thumb Code    18  _printf_hex_int_ll_ptr.o(.text)
    __printf                                 0x00000aa9   Thumb Code   388  __printf_flags_ss_wp.o(.text)
    __aeabi_memcpy4                          0x00000c31   Thumb Code     0  rt_memcpy_w.o(.text)
    __aeabi_memcpy8                          0x00000c31   Thumb Code     0  rt_memcpy_w.o(.text)
    __rt_memcpy_w                            0x00000c31   Thumb Code   100  rt_memcpy_w.o(.text)
    _memcpy_lastbytes_aligned                0x00000c79   Thumb Code     0  rt_memcpy_w.o(.text)
    __aeabi_memclr4                          0x00000c95   Thumb Code     0  rt_memclr_w.o(.text)
    __aeabi_memclr8                          0x00000c95   Thumb Code     0  rt_memclr_w.o(.text)
    __rt_memclr_w                            0x00000c95   Thumb Code     0  rt_memclr_w.o(.text)
    _memset_w                                0x00000c99   Thumb Code    74  rt_memclr_w.o(.text)
    _ll_udiv10                               0x00000ce3   Thumb Code   138  lludiv10.o(.text)
    _printf_int_common                       0x00000d6d   Thumb Code   178  _printf_intcommon.o(.text)
    _printf_fp_dec_real                      0x00000fcf   Thumb Code   620  _printf_fp_dec.o(.text)
    _printf_fp_hex_real                      0x0000123d   Thumb Code   756  _printf_fp_hex.o(.text)
    _printf_cs_common                        0x00001539   Thumb Code    20  _printf_char.o(.text)
    _printf_char                             0x0000154d   Thumb Code    16  _printf_char.o(.text)
    _printf_string                           0x0000155d   Thumb Code     8  _printf_char.o(.text)
    _printf_lcs_common                       0x00001565   Thumb Code    20  _printf_wchar.o(.text)
    _printf_wchar                            0x00001579   Thumb Code    16  _printf_wchar.o(.text)
    _printf_wstring                          0x00001589   Thumb Code     8  _printf_wchar.o(.text)
    _c16rtomb                                0x00001591   Thumb Code    72  _c16rtomb.o(.text)
    _wcrtomb                                 0x00001591   Thumb Code     0  _c16rtomb.o(.text)
    __user_setup_stackheap                   0x000015d9   Thumb Code    74  sys_stackheap_outer.o(.text)
    __rt_ctype_table                         0x00001625   Thumb Code    16  rt_ctype_table.o(.text)
    __rt_locale                              0x00001635   Thumb Code    10  rt_locale_twolibspace.o(.text)
    _printf_fp_infnan                        0x00001641   Thumb Code   112  _printf_fp_infnan.o(.text)
    _btod_etento                             0x000016c1   Thumb Code   224  bigflt0.o(.text)
    exit                                     0x000017a5   Thumb Code    18  exit.o(.text)
    __user_libspace                          0x000017b9   Thumb Code     8  libspace.o(.text)
    __user_perproc_libspace                  0x000017b9   Thumb Code     0  libspace.o(.text)
    _fp_init                                 0x000017c1   Thumb Code    22  clib_os.o(.text.$Sub$$_fp_init)
    GPIOF_Handler                            0x000017d9   Thumb Code   142  main.o(.text.GPIOF_Handler)
    Hardware_Init                            0x00001951   Thumb Code   240  main.o(.text.Hardware_Init)
    LED_AllOff                               0x00001a85   Thumb Code    18  main.o(.text.LED_AllOff)
    LED_Set                                  0x00001a99   Thumb Code    64  main.o(.text.LED_Set)
    PendSV_Handler                           0x00001ad9   Thumb Code    96  port.o(.text.PendSV_Handler)
    SVC_Handler                              0x00001b39   Thumb Code    32  port.o(.text.SVC_Handler)
    SysTick_Handler                          0x00001b59   Thumb Code    30  cmsis_os2.o(.text.SysTick_Handler)
    SystemInit                               0x00001b79   Thumb Code   268  system_tm4c123.o(.text.SystemInit)
    __write                                  0x00001c85   Thumb Code    52  retarget.o(.text.__write)
    _mutex_acquire                           0x00001cb9   Thumb Code    40  clib_os.o(.text._mutex_acquire)
    _mutex_free                              0x00001ce1   Thumb Code    84  clib_os.o(.text._mutex_free)
    _mutex_initialize                        0x00001d35   Thumb Code   168  clib_os.o(.text._mutex_initialize)
    _mutex_release                           0x00001ddd   Thumb Code    42  clib_os.o(.text._mutex_release)
    _platform_post_stackheap_init            0x00001e09   Thumb Code     2  clib_os.o(.text._platform_post_stackheap_init)
    _sys_exit                                0x00001e0d   Thumb Code    10  retarget.o(.text._sys_exit)
    consoleprint                             0x00001e19   Thumb Code    32  consoleprint.o(.text.consoleprint)
    main                                     0x00001e59   Thumb Code   316  main.o(.text.main)
    pvPortMalloc                             0x00003081   Thumb Code   696  heap_4.o(.text.pvPortMalloc)
    pvTaskIncrementMutexHeldCount            0x00003339   Thumb Code    36  tasks.o(.text.pvTaskIncrementMutexHeldCount)
    pxPortInitialiseStack                    0x0000335d   Thumb Code    94  port.o(.text.pxPortInitialiseStack)
    uxListRemove                             0x000033bd   Thumb Code    72  list.o(.text.uxListRemove)
    uxQueueMessagesWaiting                   0x00003405   Thumb Code    40  queue.o(.text.uxQueueMessagesWaiting)
    uxTaskGetNumberOfTasks                   0x0000342d   Thumb Code    12  tasks.o(.text.uxTaskGetNumberOfTasks)
    vApplicationGetIdleTaskMemory            0x00003439   Thumb Code    42  tasks.o(.text.vApplicationGetIdleTaskMemory)
    vApplicationGetTimerTaskMemory           0x00003465   Thumb Code    42  tasks.o(.text.vApplicationGetTimerTaskMemory)
    vApplicationStackOverflowHook            0x00003491   Thumb Code    16  cmsis_os2.o(.text.vApplicationStackOverflowHook)
    vDisplayTask                             0x000034a1   Thumb Code    68  main.o(.text.vDisplayTask)
    vEntryTask                               0x000034e5   Thumb Code   252  main.o(.text.vEntryTask)
    vExitTask                                0x000035e1   Thumb Code   126  main.o(.text.vExitTask)
    vListInitialise                          0x00003661   Thumb Code    46  list.o(.text.vListInitialise)
    vListInitialiseItem                      0x00003691   Thumb Code    14  list.o(.text.vListInitialiseItem)
    vListInsert                              0x000036a1   Thumb Code   106  list.o(.text.vListInsert)
    vPortEnterCritical                       0x00003721   Thumb Code    72  port.o(.text.vPortEnterCritical)
    vPortExitCritical                        0x00003769   Thumb Code    60  port.o(.text.vPortExitCritical)
    vPortFree                                0x000037a5   Thumb Code   222  heap_4.o(.text.vPortFree)
    vPortSetupTimerInterrupt                 0x00003885   Thumb Code    68  port.o(.text.vPortSetupTimerInterrupt)
    vPortValidateInterruptPriority           0x000038c9   Thumb Code   104  port.o(.text.vPortValidateInterruptPriority)
    vPrintString                             0x00003931   Thumb Code    48  basic_io.o(.text.vPrintString)
    vPrintStringAndNumber                    0x00003961   Thumb Code    52  basic_io.o(.text.vPrintStringAndNumber)
    vQueueDelete                             0x00003995   Thumb Code    48  queue.o(.text.vQueueDelete)
    vQueueWaitForMessageRestricted           0x000039c5   Thumb Code   100  queue.o(.text.vQueueWaitForMessageRestricted)
    vSafetyTask                              0x00003a29   Thumb Code    98  main.o(.text.vSafetyTask)
    vTaskDelay                               0x00003a8d   Thumb Code    98  tasks.o(.text.vTaskDelay)
    vTaskInternalSetTimeOutState             0x00003af1   Thumb Code    36  tasks.o(.text.vTaskInternalSetTimeOutState)
    vTaskMissedYield                         0x00003b15   Thumb Code    14  tasks.o(.text.vTaskMissedYield)
    vTaskPlaceOnEventList                    0x00003b25   Thumb Code    52  tasks.o(.text.vTaskPlaceOnEventList)
    vTaskPlaceOnEventListRestricted          0x00003b59   Thumb Code   114  tasks.o(.text.vTaskPlaceOnEventListRestricted)
    vTaskPriorityDisinheritAfterTimeout      0x00003bcd   Thumb Code   358  tasks.o(.text.vTaskPriorityDisinheritAfterTimeout)
    vTaskStartScheduler                      0x00003d35   Thumb Code   130  tasks.o(.text.vTaskStartScheduler)
    vTaskSuspendAll                          0x00003db9   Thumb Code    16  tasks.o(.text.vTaskSuspendAll)
    vTaskSwitchContext                       0x00003dc9   Thumb Code   312  tasks.o(.text.vTaskSwitchContext)
    xPortStartScheduler                      0x00003f01   Thumb Code   428  port.o(.text.xPortStartScheduler)
    xPortSysTickHandler                      0x000040ad   Thumb Code    62  port.o(.text.xPortSysTickHandler)
    xQueueCreateCountingSemaphore            0x000040ed   Thumb Code    80  queue.o(.text.xQueueCreateCountingSemaphore)
    xQueueCreateMutex                        0x0000413d   Thumb Code    38  queue.o(.text.xQueueCreateMutex)
    xQueueCreateMutexStatic                  0x00004165   Thumb Code    50  queue.o(.text.xQueueCreateMutexStatic)
    xQueueGenericCreate                      0x00004199   Thumb Code   148  queue.o(.text.xQueueGenericCreate)
    xQueueGenericCreateStatic                0x0000422d   Thumb Code   158  queue.o(.text.xQueueGenericCreateStatic)
    xQueueGenericReset                       0x000042cd   Thumb Code   236  queue.o(.text.xQueueGenericReset)
    xQueueGenericSend                        0x000043b9   Thumb Code   500  queue.o(.text.xQueueGenericSend)
    xQueueGiveFromISR                        0x000045ad   Thumb Code   292  queue.o(.text.xQueueGiveFromISR)
    xQueueReceive                            0x000046d1   Thumb Code   434  queue.o(.text.xQueueReceive)
    xQueueSemaphoreTake                      0x00004885   Thumb Code   486  queue.o(.text.xQueueSemaphoreTake)
    xTaskCheckForTimeOut                     0x00004a6d   Thumb Code   224  tasks.o(.text.xTaskCheckForTimeOut)
    xTaskCreate                              0x00004b4d   Thumb Code    82  tasks.o(.text.xTaskCreate)
    xTaskCreateStatic                        0x00004ba1   Thumb Code    92  tasks.o(.text.xTaskCreateStatic)
    xTaskGetSchedulerState                   0x00004bfd   Thumb Code    56  tasks.o(.text.xTaskGetSchedulerState)
    xTaskGetTickCount                        0x00004c35   Thumb Code    20  tasks.o(.text.xTaskGetTickCount)
    xTaskIncrementTick                       0x00004c49   Thumb Code   630  tasks.o(.text.xTaskIncrementTick)
    xTaskPriorityDisinherit                  0x00004ec1   Thumb Code   286  tasks.o(.text.xTaskPriorityDisinherit)
    xTaskPriorityInherit                     0x00004fe1   Thumb Code   348  tasks.o(.text.xTaskPriorityInherit)
    xTaskRemoveFromEventList                 0x0000513d   Thumb Code   418  tasks.o(.text.xTaskRemoveFromEventList)
    xTaskResumeAll                           0x000052e1   Thumb Code   584  tasks.o(.text.xTaskResumeAll)
    xTimerCreateTimerTask                    0x00005529   Thumb Code   134  timers.o(.text.xTimerCreateTimerTask)
    _btod_d2e                                0x000055af   Thumb Code    62  btod.o(CL$$btod_d2e)
    _d2e_denorm_low                          0x000055ed   Thumb Code    70  btod.o(CL$$btod_d2e_denorm_low)
    _d2e_norm_op1                            0x00005633   Thumb Code    96  btod.o(CL$$btod_d2e_norm_op1)
    __btod_div_common                        0x00005695   Thumb Code   696  btod.o(CL$$btod_div_common)
    _e2e                                     0x000059cd   Thumb Code   220  btod.o(CL$$btod_e2e)
    _btod_ediv                               0x00005aa9   Thumb Code    42  btod.o(CL$$btod_ediv)
    _btod_emul                               0x00005ad3   Thumb Code    42  btod.o(CL$$btod_emul)
    __btod_mult_common                       0x00005afd   Thumb Code   580  btod.o(CL$$btod_mult_common)
    __ARM_fpclassify                         0x00005d41   Thumb Code    48  fpclassify.o(i.__ARM_fpclassify)
    _is_digit                                0x00005d71   Thumb Code    14  __printf_wp.o(i._is_digit)
    _get_lc_numeric                          0x00005d81   Thumb Code    44  lc_numeric_c.o(locale$$code)
    _get_lc_ctype                            0x00005dad   Thumb Code    44  lc_ctype_c.o(locale$$code)
    $Super$$_fp_init                         0x00005dd9   Thumb Code    26  fpinit.o(x$fpl$fpinit)
    __fplib_config_fpu_vfp                   0x00005df1   Thumb Code     0  fpinit.o(x$fpl$fpinit)
    __fplib_config_pureend_doubles           0x00005df1   Thumb Code     0  fpinit.o(x$fpl$fpinit)
    _printf_fp_dec                           0x00005df3   Thumb Code     4  printf1.o(x$fpl$printf1)
    _printf_fp_hex                           0x00005df7   Thumb Code     4  printf2.o(x$fpl$printf2)
    __I$use$fp                               0x00005dfa   Number         0  usenofp.o(x$fpl$usenofp)
    Region$$Table$$Base                      0x00006090   Number         0  anon$$obj.o(Region$$Table)
    Region$$Table$$Limit                     0x000060b0   Number         0  anon$$obj.o(Region$$Table)
    __ctype                                  0x000060d9   Data           0  lc_ctype_c.o(locale$$data)
    SystemCoreClock                          0x20000000   Data           4  system_tm4c123.o(.data.SystemCoreClock)
    __libspace_start                         0x20000008   Data          96  libspace.o(.bss)
    __temporary_stack_top$libspace           0x20000068   Data           0  libspace.o(.bss)
    gateState                                0x20000240   Data           1  main.o(.bss.gateState)
    pxCurrentTCB                             0x200002e8   Data           4  tasks.o(.bss.pxCurrentTCB)
    xEntrySemaphore                          0x20002c84   Data           4  main.o(.bss.xEntrySemaphore)
    xExitSemaphore                           0x20002c88   Data           4  main.o(.bss.xExitSemaphore)
    xGateStateMutex                          0x20002c90   Data           4  main.o(.bss.xGateStateMutex)
    xObstacleSemaphore                       0x20002cac   Data           4  main.o(.bss.xObstacleSemaphore)
    xParkingSpotsSemaphore                   0x20002cb0   Data           4  main.o(.bss.xParkingSpotsSemaphore)



==============================================================================

Memory Map of the image

  Image Entry point : 0x000003ed

  Load Region LR_1 (Base: 0x00000000, Size: 0x000061e4, Max: 0xffffffff, ABSOLUTE)

    Execution Region ER_RO (Exec base: 0x00000000, Load base: 0x00000000, Size: 0x000061dc, Max: 0xffffffff, ABSOLUTE)

    Exec Addr    Load Addr    Size         Type   Attr      Idx    E Section Name        Object

    0x00000000   0x00000000   0x0000026c   Data   RO          332    RESET               startup_tm4c123.o
    0x0000026c   0x0000026c   0x00000008   Code   RO          846  * !!!main             c_w.l(__main.o)
    0x00000274   0x00000274   0x0000005c   Code   RO         1181    !!!scatter          c_w.l(__scatter.o)
    0x000002d0   0x000002d0   0x0000001a   Code   RO         1185    !!handler_copy      c_w.l(__scatter_copy.o)
    0x000002ea   0x000002ea   0x00000002   PAD
    0x000002ec   0x000002ec   0x00000002   Code   RO         1182    !!handler_null      c_w.l(__scatter.o)
    0x000002ee   0x000002ee   0x00000002   PAD
    0x000002f0   0x000002f0   0x0000001c   Code   RO         1187    !!handler_zi        c_w.l(__scatter_zi.o)
    0x0000030c   0x0000030c   0x00000000   Code   RO          932    .ARM.Collect$$_printf_percent$$00000000  c_w.l(_printf_percent.o)
    0x0000030c   0x0000030c   0x00000006   Code   RO          921    .ARM.Collect$$_printf_percent$$00000001  c_w.l(_printf_n.o)
    0x00000312   0x00000312   0x00000006   Code   RO          923    .ARM.Collect$$_printf_percent$$00000002  c_w.l(_printf_p.o)
    0x00000318   0x00000318   0x00000006   Code   RO          928    .ARM.Collect$$_printf_percent$$00000003  c_w.l(_printf_f.o)
    0x0000031e   0x0000031e   0x00000006   Code   RO          929    .ARM.Collect$$_printf_percent$$00000004  c_w.l(_printf_e.o)
    0x00000324   0x00000324   0x00000006   Code   RO          930    .ARM.Collect$$_printf_percent$$00000005  c_w.l(_printf_g.o)
    0x0000032a   0x0000032a   0x00000006   Code   RO          931    .ARM.Collect$$_printf_percent$$00000006  c_w.l(_printf_a.o)
    0x00000330   0x00000330   0x0000000a   Code   RO          936    .ARM.Collect$$_printf_percent$$00000007  c_w.l(_printf_ll.o)
    0x0000033a   0x0000033a   0x00000006   Code   RO          925    .ARM.Collect$$_printf_percent$$00000008  c_w.l(_printf_i.o)
    0x00000340   0x00000340   0x00000006   Code   RO          926    .ARM.Collect$$_printf_percent$$00000009  c_w.l(_printf_d.o)
    0x00000346   0x00000346   0x00000006   Code   RO          927    .ARM.Collect$$_printf_percent$$0000000A  c_w.l(_printf_u.o)
    0x0000034c   0x0000034c   0x00000006   Code   RO          924    .ARM.Collect$$_printf_percent$$0000000B  c_w.l(_printf_o.o)
    0x00000352   0x00000352   0x00000006   Code   RO          922    .ARM.Collect$$_printf_percent$$0000000C  c_w.l(_printf_x.o)
    0x00000358   0x00000358   0x00000006   Code   RO          933    .ARM.Collect$$_printf_percent$$0000000D  c_w.l(_printf_lli.o)
    0x0000035e   0x0000035e   0x00000006   Code   RO          934    .ARM.Collect$$_printf_percent$$0000000E  c_w.l(_printf_lld.o)
    0x00000364   0x00000364   0x00000006   Code   RO          935    .ARM.Collect$$_printf_percent$$0000000F  c_w.l(_printf_llu.o)
    0x0000036a   0x0000036a   0x00000006   Code   RO          940    .ARM.Collect$$_printf_percent$$00000010  c_w.l(_printf_llo.o)
    0x00000370   0x00000370   0x00000006   Code   RO          941    .ARM.Collect$$_printf_percent$$00000011  c_w.l(_printf_llx.o)
    0x00000376   0x00000376   0x0000000a   Code   RO          937    .ARM.Collect$$_printf_percent$$00000012  c_w.l(_printf_l.o)
    0x00000380   0x00000380   0x00000006   Code   RO          919    .ARM.Collect$$_printf_percent$$00000013  c_w.l(_printf_c.o)
    0x00000386   0x00000386   0x00000006   Code   RO          920    .ARM.Collect$$_printf_percent$$00000014  c_w.l(_printf_s.o)
    0x0000038c   0x0000038c   0x00000006   Code   RO          938    .ARM.Collect$$_printf_percent$$00000015  c_w.l(_printf_lc.o)
    0x00000392   0x00000392   0x00000006   Code   RO          939    .ARM.Collect$$_printf_percent$$00000016  c_w.l(_printf_ls.o)
    0x00000398   0x00000398   0x00000004   Code   RO          986    .ARM.Collect$$_printf_percent$$00000017  c_w.l(_printf_percent_end.o)
    0x0000039c   0x0000039c   0x00000002   Code   RO         1037    .ARM.Collect$$libinit$$00000000  c_w.l(libinit.o)
    0x0000039e   0x0000039e   0x00000004   Code   RO         1053    .ARM.Collect$$libinit$$00000001  c_w.l(libinit2.o)
    0x000003a2   0x000003a2   0x00000000   Code   RO         1056    .ARM.Collect$$libinit$$00000004  c_w.l(libinit2.o)
    0x000003a2   0x000003a2   0x00000000   Code   RO         1058    .ARM.Collect$$libinit$$00000006  c_w.l(libinit2.o)
    0x000003a2   0x000003a2   0x00000000   Code   RO         1061    .ARM.Collect$$libinit$$0000000C  c_w.l(libinit2.o)
    0x000003a2   0x000003a2   0x00000000   Code   RO         1063    .ARM.Collect$$libinit$$0000000E  c_w.l(libinit2.o)
    0x000003a2   0x000003a2   0x00000000   Code   RO         1065    .ARM.Collect$$libinit$$00000010  c_w.l(libinit2.o)
    0x000003a2   0x000003a2   0x00000006   Code   RO         1066    .ARM.Collect$$libinit$$00000011  c_w.l(libinit2.o)
    0x000003a8   0x000003a8   0x00000000   Code   RO         1068    .ARM.Collect$$libinit$$00000013  c_w.l(libinit2.o)
    0x000003a8   0x000003a8   0x0000000c   Code   RO         1069    .ARM.Collect$$libinit$$00000014  c_w.l(libinit2.o)
    0x000003b4   0x000003b4   0x00000000   Code   RO         1070    .ARM.Collect$$libinit$$00000015  c_w.l(libinit2.o)
    0x000003b4   0x000003b4   0x00000000   Code   RO         1072    .ARM.Collect$$libinit$$00000017  c_w.l(libinit2.o)
    0x000003b4   0x000003b4   0x0000000a   Code   RO         1073    .ARM.Collect$$libinit$$00000018  c_w.l(libinit2.o)
    0x000003be   0x000003be   0x00000000   Code   RO         1074    .ARM.Collect$$libinit$$00000019  c_w.l(libinit2.o)
    0x000003be   0x000003be   0x00000000   Code   RO         1076    .ARM.Collect$$libinit$$0000001B  c_w.l(libinit2.o)
    0x000003be   0x000003be   0x00000000   Code   RO         1078    .ARM.Collect$$libinit$$0000001D  c_w.l(libinit2.o)
    0x000003be   0x000003be   0x00000000   Code   RO         1080    .ARM.Collect$$libinit$$0000001F  c_w.l(libinit2.o)
    0x000003be   0x000003be   0x00000000   Code   RO         1082    .ARM.Collect$$libinit$$00000021  c_w.l(libinit2.o)
    0x000003be   0x000003be   0x00000000   Code   RO         1084    .ARM.Collect$$libinit$$00000023  c_w.l(libinit2.o)
    0x000003be   0x000003be   0x00000000   Code   RO         1086    .ARM.Collect$$libinit$$00000025  c_w.l(libinit2.o)
    0x000003be   0x000003be   0x00000000   Code   RO         1088    .ARM.Collect$$libinit$$00000027  c_w.l(libinit2.o)
    0x000003be   0x000003be   0x00000000   Code   RO         1092    .ARM.Collect$$libinit$$0000002E  c_w.l(libinit2.o)
    0x000003be   0x000003be   0x00000000   Code   RO         1094    .ARM.Collect$$libinit$$00000030  c_w.l(libinit2.o)
    0x000003be   0x000003be   0x00000000   Code   RO         1096    .ARM.Collect$$libinit$$00000032  c_w.l(libinit2.o)
    0x000003be   0x000003be   0x00000000   Code   RO         1098    .ARM.Collect$$libinit$$00000034  c_w.l(libinit2.o)
    0x000003be   0x000003be   0x00000002   Code   RO         1099    .ARM.Collect$$libinit$$00000035  c_w.l(libinit2.o)
    0x000003c0   0x000003c0   0x00000002   Code   RO         1117    .ARM.Collect$$libshutdown$$00000000  c_w.l(libshutdown.o)
    0x000003c2   0x000003c2   0x00000000   Code   RO         1129    .ARM.Collect$$libshutdown$$00000002  c_w.l(libshutdown2.o)
    0x000003c2   0x000003c2   0x00000000   Code   RO         1131    .ARM.Collect$$libshutdown$$00000004  c_w.l(libshutdown2.o)
    0x000003c2   0x000003c2   0x00000000   Code   RO         1134    .ARM.Collect$$libshutdown$$00000007  c_w.l(libshutdown2.o)
    0x000003c2   0x000003c2   0x00000000   Code   RO         1137    .ARM.Collect$$libshutdown$$0000000A  c_w.l(libshutdown2.o)
    0x000003c2   0x000003c2   0x00000000   Code   RO         1139    .ARM.Collect$$libshutdown$$0000000C  c_w.l(libshutdown2.o)
    0x000003c2   0x000003c2   0x00000000   Code   RO         1142    .ARM.Collect$$libshutdown$$0000000F  c_w.l(libshutdown2.o)
    0x000003c2   0x000003c2   0x00000002   Code   RO         1143    .ARM.Collect$$libshutdown$$00000010  c_w.l(libshutdown2.o)
    0x000003c4   0x000003c4   0x00000000   Code   RO          850    .ARM.Collect$$rtentry$$00000000  c_w.l(__rtentry.o)
    0x000003c4   0x000003c4   0x00000000   Code   RO          955    .ARM.Collect$$rtentry$$00000002  c_w.l(__rtentry2.o)
    0x000003c4   0x000003c4   0x00000006   Code   RO          967    .ARM.Collect$$rtentry$$00000004  c_w.l(__rtentry4.o)
    0x000003ca   0x000003ca   0x00000008   Code   RO          956    .ARM.Collect$$rtentry$$00000008  c_w.l(__rtentry2.o)
    0x000003d2   0x000003d2   0x00000004   Code   RO          958    .ARM.Collect$$rtentry$$0000000A  c_w.l(__rtentry2.o)
    0x000003d6   0x000003d6   0x00000000   Code   RO          960    .ARM.Collect$$rtentry$$0000000C  c_w.l(__rtentry2.o)
    0x000003d6   0x000003d6   0x00000008   Code   RO          961    .ARM.Collect$$rtentry$$0000000D  c_w.l(__rtentry2.o)
    0x000003de   0x000003de   0x00000002   Code   RO         1046    .ARM.Collect$$rtexit$$00000000  c_w.l(rtexit.o)
    0x000003e0   0x000003e0   0x00000000   Code   RO         1101    .ARM.Collect$$rtexit$$00000002  c_w.l(rtexit2.o)
    0x000003e0   0x000003e0   0x00000004   Code   RO         1102    .ARM.Collect$$rtexit$$00000003  c_w.l(rtexit2.o)
    0x000003e4   0x000003e4   0x00000006   Code   RO         1103    .ARM.Collect$$rtexit$$00000004  c_w.l(rtexit2.o)
    0x000003ea   0x000003ea   0x00000002   PAD
    0x000003ec   0x000003ec   0x00000114   Code   RO          333  * .text               startup_tm4c123.o
    0x00000500   0x00000500   0x0000002c   Code   RO          832    .text               c_w.l(sprintf.o)
    0x0000052c   0x0000052c   0x0000003e   Code   RO          834    .text               c_w.l(strlen.o)
    0x0000056a   0x0000056a   0x0000008a   Code   RO          836    .text               c_w.l(rt_memcpy_v6.o)
    0x000005f4   0x000005f4   0x00000010   Code   RO          838    .text               c_w.l(aeabi_memset4.o)
    0x00000604   0x00000604   0x00000044   Code   RO          840    .text               c_w.l(rt_memclr.o)
    0x00000648   0x00000648   0x0000007c   Code   RO          842    .text               c_w.l(strcmpv7em.o)
    0x000006c4   0x000006c4   0x00000006   Code   RO          844    .text               c_w.l(heapauxi.o)
    0x000006ca   0x000006ca   0x0000004e   Code   RO          853    .text               c_w.l(_printf_pad.o)
    0x00000718   0x00000718   0x00000024   Code   RO          855    .text               c_w.l(_printf_truncate.o)
    0x0000073c   0x0000073c   0x00000052   Code   RO          857    .text               c_w.l(_printf_str.o)
    0x0000078e   0x0000078e   0x00000002   PAD
    0x00000790   0x00000790   0x00000078   Code   RO          859    .text               c_w.l(_printf_dec.o)
    0x00000808   0x00000808   0x00000028   Code   RO          861    .text               c_w.l(_printf_charcount.o)
    0x00000830   0x00000830   0x00000030   Code   RO          863    .text               c_w.l(_printf_char_common.o)
    0x00000860   0x00000860   0x0000000a   Code   RO          865    .text               c_w.l(_sputc.o)
    0x0000086a   0x0000086a   0x00000002   PAD
    0x0000086c   0x0000086c   0x000000bc   Code   RO          867    .text               c_w.l(_printf_wctomb.o)
    0x00000928   0x00000928   0x0000007c   Code   RO          870    .text               c_w.l(_printf_longlong_dec.o)
    0x000009a4   0x000009a4   0x00000070   Code   RO          876    .text               c_w.l(_printf_oct_int_ll.o)
    0x00000a14   0x00000a14   0x00000094   Code   RO          896    .text               c_w.l(_printf_hex_int_ll_ptr.o)
    0x00000aa8   0x00000aa8   0x00000188   Code   RO          916    .text               c_w.l(__printf_flags_ss_wp.o)
    0x00000c30   0x00000c30   0x00000064   Code   RO          942    .text               c_w.l(rt_memcpy_w.o)
    0x00000c94   0x00000c94   0x0000004e   Code   RO          944    .text               c_w.l(rt_memclr_w.o)
    0x00000ce2   0x00000ce2   0x0000008a   Code   RO          969    .text               c_w.l(lludiv10.o)
    0x00000d6c   0x00000d6c   0x000000b2   Code   RO          971    .text               c_w.l(_printf_intcommon.o)
    0x00000e1e   0x00000e1e   0x0000041c   Code   RO          973    .text               c_w.l(_printf_fp_dec.o)
    0x0000123a   0x0000123a   0x00000002   PAD
    0x0000123c   0x0000123c   0x000002fc   Code   RO          977    .text               c_w.l(_printf_fp_hex.o)
    0x00001538   0x00001538   0x0000002c   Code   RO          982    .text               c_w.l(_printf_char.o)
    0x00001564   0x00001564   0x0000002c   Code   RO          984    .text               c_w.l(_printf_wchar.o)
    0x00001590   0x00001590   0x00000048   Code   RO          987    .text               c_w.l(_c16rtomb.o)
    0x000015d8   0x000015d8   0x0000004a   Code   RO          989    .text               c_w.l(sys_stackheap_outer.o)
    0x00001622   0x00001622   0x00000002   PAD
    0x00001624   0x00001624   0x00000010   Code   RO          991    .text               c_w.l(rt_ctype_table.o)
    0x00001634   0x00001634   0x0000000a   Code   RO          998    .text               c_w.l(rt_locale_twolibspace.o)
    0x0000163e   0x0000163e   0x00000002   PAD
    0x00001640   0x00001640   0x00000080   Code   RO         1000    .text               c_w.l(_printf_fp_infnan.o)
    0x000016c0   0x000016c0   0x000000e4   Code   RO         1002    .text               c_w.l(bigflt0.o)
    0x000017a4   0x000017a4   0x00000012   Code   RO         1032    .text               c_w.l(exit.o)
    0x000017b6   0x000017b6   0x00000002   PAD
    0x000017b8   0x000017b8   0x00000008   Code   RO         1043    .text               c_w.l(libspace.o)
    0x000017c0   0x000017c0   0x00000016   Code   RO           79    .text.$Sub$$_fp_init  clib_os.o
    0x000017d6   0x000017d6   0x00000002   PAD
    0x000017d8   0x000017d8   0x0000008e   Code   RO           44    .text.GPIOF_Handler  main.o
    0x00001866   0x00001866   0x00000002   PAD
    0x00001868   0x00001868   0x0000006e   Code   RO           48    .text.GateState_CompareAndSet  main.o
    0x000018d6   0x000018d6   0x00000002   PAD
    0x000018d8   0x000018d8   0x0000003c   Code   RO           58    .text.GateState_Get  main.o
    0x00001914   0x00001914   0x0000003c   Code   RO           52    .text.GateState_Set  main.o
    0x00001950   0x00001950   0x000000f0   Code   RO           38    .text.Hardware_Init  main.o
    0x00001a40   0x00001a40   0x00000044   Code   RO           27    .text.ITM_SendChar  retarget.o
    0x00001a84   0x00001a84   0x00000012   Code   RO           42    .text.LED_AllOff    main.o
    0x00001a96   0x00001a96   0x00000002   PAD
    0x00001a98   0x00001a98   0x00000040   Code   RO           40    .text.LED_Set       main.o
    0x00001ad8   0x00001ad8   0x00000060   Code   RO          419    .text.PendSV_Handler  port.o
    0x00001b38   0x00001b38   0x00000020   Code   RO          415    .text.SVC_Handler   port.o
    0x00001b58   0x00001b58   0x0000001e   Code   RO          106    .text.SysTick_Handler  cmsis_os2.o
    0x00001b76   0x00001b76   0x00000002   PAD
    0x00001b78   0x00001b78   0x0000010c   Code   RO          344    .text.SystemInit    system_tm4c123.o
    0x00001c84   0x00001c84   0x00000034   Code   RO           25    .text.__write       retarget.o
    0x00001cb8   0x00001cb8   0x00000028   Code   RO           87    .text._mutex_acquire  clib_os.o
    0x00001ce0   0x00001ce0   0x00000054   Code   RO           93    .text._mutex_free   clib_os.o
    0x00001d34   0x00001d34   0x000000a8   Code   RO           85    .text._mutex_initialize  clib_os.o
    0x00001ddc   0x00001ddc   0x0000002a   Code   RO           91    .text._mutex_release  clib_os.o
    0x00001e06   0x00001e06   0x00000002   PAD
    0x00001e08   0x00001e08   0x00000002   Code   RO           77    .text._platform_post_stackheap_init  clib_os.o
    0x00001e0a   0x00001e0a   0x00000002   PAD
    0x00001e0c   0x00001e0c   0x0000000a   Code   RO           29    .text._sys_exit     retarget.o
    0x00001e16   0x00001e16   0x00000002   PAD
    0x00001e18   0x00001e18   0x00000020   Code   RO           17    .text.consoleprint  consoleprint.o
    0x00001e38   0x00001e38   0x00000020   Code   RO           89    .text.is_thread_mode  clib_os.o
    0x00001e58   0x00001e58   0x0000013c   Code   RO           60    .text.main          main.o
    0x00001f94   0x00001f94   0x00000020   Code   RO           83    .text.os_kernel_is_active  clib_os.o
    0x00001fb4   0x00001fb4   0x0000010e   Code   RO          590    .text.prvAddCurrentTaskToDelayedList  tasks.o
    0x000020c2   0x000020c2   0x00000002   PAD
    0x000020c4   0x000020c4   0x00000170   Code   RO          574    .text.prvAddNewTaskToReadyList  tasks.o
    0x00002234   0x00002234   0x0000007e   Code   RO          752    .text.prvCheckForValidListAndQueue  timers.o
    0x000022b2   0x000022b2   0x00000002   PAD
    0x000022b4   0x000022b4   0x0000005a   Code   RO          624    .text.prvCheckTasksWaitingTermination  tasks.o
    0x0000230e   0x0000230e   0x00000002   PAD
    0x00002310   0x00002310   0x00000042   Code   RO          527    .text.prvCopyDataFromQueue  queue.o
    0x00002352   0x00002352   0x00000002   PAD
    0x00002354   0x00002354   0x000000cc   Code   RO          515    .text.prvCopyDataToQueue  queue.o
    0x00002420   0x00002420   0x000000d8   Code   RO          620    .text.prvCreateIdleTasks  tasks.o
    0x000024f8   0x000024f8   0x000000aa   Code   RO          572    .text.prvCreateStaticTask  tasks.o
    0x000025a2   0x000025a2   0x00000002   PAD
    0x000025a4   0x000025a4   0x0000008e   Code   RO          578    .text.prvCreateTask  tasks.o
    0x00002632   0x00002632   0x00000002   PAD
    0x00002634   0x00002634   0x00000050   Code   RO          584    .text.prvDeleteTCB  tasks.o
    0x00002684   0x00002684   0x00000026   Code   RO          531    .text.prvGetHighestPriorityOfWaitToReceiveList  queue.o
    0x000026aa   0x000026aa   0x00000002   PAD
    0x000026ac   0x000026ac   0x00000040   Code   RO          798    .text.prvGetNextExpireTime  timers.o
    0x000026ec   0x000026ec   0x000000aa   Code   RO          449    .text.prvHeapInit   heap_4.o
    0x00002796   0x00002796   0x00000002   PAD
    0x00002798   0x00002798   0x00000038   Code   RO          714    .text.prvIdleTask   tasks.o
    0x000027d0   0x000027d0   0x0000002c   Code   RO          495    .text.prvInitialiseMutex  queue.o
    0x000027fc   0x000027fc   0x00000048   Code   RO          487    .text.prvInitialiseNewQueue  queue.o
    0x00002844   0x00002844   0x00000108   Code   RO          710    .text.prvInitialiseNewTask  tasks.o
    0x0000294c   0x0000294c   0x0000008e   Code   RO          712    .text.prvInitialiseTaskLists  tasks.o
    0x000029da   0x000029da   0x00000002   PAD
    0x000029dc   0x000029dc   0x00000118   Code   RO          453    .text.prvInsertBlockIntoFreeList  heap_4.o
    0x00002af4   0x00002af4   0x00000086   Code   RO          812    .text.prvInsertTimerInActiveList  timers.o
    0x00002b7a   0x00002b7a   0x00000002   PAD
    0x00002b7c   0x00002b7c   0x00000028   Code   RO          529    .text.prvIsQueueEmpty  queue.o
    0x00002ba4   0x00002ba4   0x0000002e   Code   RO          517    .text.prvIsQueueFull  queue.o
    0x00002bd2   0x00002bd2   0x00000002   PAD
    0x00002bd4   0x00002bd4   0x00000028   Code   RO          425    .text.prvPortStartFirstTask  port.o
    0x00002bfc   0x00002bfc   0x00000054   Code   RO          806    .text.prvProcessExpiredTimer  timers.o
    0x00002c50   0x00002c50   0x0000017a   Code   RO          802    .text.prvProcessReceivedCommands  timers.o
    0x00002dca   0x00002dca   0x00000002   PAD
    0x00002dcc   0x00002dcc   0x0000009a   Code   RO          800    .text.prvProcessTimerOrBlockTask  timers.o
    0x00002e66   0x00002e66   0x00000002   PAD
    0x00002e68   0x00002e68   0x00000034   Code   RO          810    .text.prvReloadTimer  timers.o
    0x00002e9c   0x00002e9c   0x0000003c   Code   RO          582    .text.prvResetNextTaskUnblockTime  tasks.o
    0x00002ed8   0x00002ed8   0x00000044   Code   RO          804    .text.prvSampleTimeNow  timers.o
    0x00002f1c   0x00002f1c   0x00000052   Code   RO          808    .text.prvSwitchTimerLists  timers.o
    0x00002f6e   0x00002f6e   0x00000002   PAD
    0x00002f70   0x00002f70   0x0000003e   Code   RO          413    .text.prvTaskExitError  port.o
    0x00002fae   0x00002fae   0x00000002   PAD
    0x00002fb0   0x00002fb0   0x0000001e   Code   RO          754    .text.prvTimerTask  timers.o
    0x00002fce   0x00002fce   0x00000002   PAD
    0x00002fd0   0x00002fd0   0x000000ae   Code   RO          519    .text.prvUnlockQueue  queue.o
    0x0000307e   0x0000307e   0x00000002   PAD
    0x00003080   0x00003080   0x000002b8   Code   RO          447    .text.pvPortMalloc  heap_4.o
    0x00003338   0x00003338   0x00000024   Code   RO          688    .text.pvTaskIncrementMutexHeldCount  tasks.o
    0x0000335c   0x0000335c   0x0000005e   Code   RO          411    .text.pxPortInitialiseStack  port.o
    0x000033ba   0x000033ba   0x00000002   PAD
    0x000033bc   0x000033bc   0x00000048   Code   RO          402    .text.uxListRemove  list.o
    0x00003404   0x00003404   0x00000028   Code   RO          539    .text.uxQueueMessagesWaiting  queue.o
    0x0000342c   0x0000342c   0x0000000c   Code   RO          632    .text.uxTaskGetNumberOfTasks  tasks.o
    0x00003438   0x00003438   0x0000002a   Code   RO          704    .text.vApplicationGetIdleTaskMemory  tasks.o
    0x00003462   0x00003462   0x00000002   PAD
    0x00003464   0x00003464   0x0000002a   Code   RO          706    .text.vApplicationGetTimerTaskMemory  tasks.o
    0x0000348e   0x0000348e   0x00000002   PAD
    0x00003490   0x00003490   0x00000010   Code   RO          260    .text.vApplicationStackOverflowHook  cmsis_os2.o
    0x000034a0   0x000034a0   0x00000044   Code   RO           56    .text.vDisplayTask  main.o
    0x000034e4   0x000034e4   0x000000fc   Code   RO           50    .text.vEntryTask    main.o
    0x000035e0   0x000035e0   0x0000007e   Code   RO           54    .text.vExitTask     main.o
    0x0000365e   0x0000365e   0x00000002   PAD
    0x00003660   0x00003660   0x0000002e   Code   RO          394    .text.vListInitialise  list.o
    0x0000368e   0x0000368e   0x00000002   PAD
    0x00003690   0x00003690   0x0000000e   Code   RO          396    .text.vListInitialiseItem  list.o
    0x0000369e   0x0000369e   0x00000002   PAD
    0x000036a0   0x000036a0   0x0000006a   Code   RO          400    .text.vListInsert   list.o
    0x0000370a   0x0000370a   0x00000002   PAD
    0x0000370c   0x0000370c   0x00000014   Code   RO          423    .text.vPortEnableVFP  port.o
    0x00003720   0x00003720   0x00000048   Code   RO          429    .text.vPortEnterCritical  port.o
    0x00003768   0x00003768   0x0000003c   Code   RO          431    .text.vPortExitCritical  port.o
    0x000037a4   0x000037a4   0x000000de   Code   RO          451    .text.vPortFree     heap_4.o
    0x00003882   0x00003882   0x00000002   PAD
    0x00003884   0x00003884   0x00000044   Code   RO          421    .text.vPortSetupTimerInterrupt  port.o
    0x000038c8   0x000038c8   0x00000068   Code   RO          435    .text.vPortValidateInterruptPriority  port.o
    0x00003930   0x00003930   0x00000030   Code   RO            2    .text.vPrintString  basic_io.o
    0x00003960   0x00003960   0x00000034   Code   RO            4    .text.vPrintStringAndNumber  basic_io.o
    0x00003994   0x00003994   0x00000030   Code   RO          545    .text.vQueueDelete  queue.o
    0x000039c4   0x000039c4   0x00000064   Code   RO          561    .text.vQueueWaitForMessageRestricted  queue.o
    0x00003a28   0x00003a28   0x00000062   Code   RO           46    .text.vSafetyTask   main.o
    0x00003a8a   0x00003a8a   0x00000002   PAD
    0x00003a8c   0x00003a8c   0x00000062   Code   RO          594    .text.vTaskDelay    tasks.o
    0x00003aee   0x00003aee   0x00000002   PAD
    0x00003af0   0x00003af0   0x00000024   Code   RO          658    .text.vTaskInternalSetTimeOutState  tasks.o
    0x00003b14   0x00003b14   0x0000000e   Code   RO          662    .text.vTaskMissedYield  tasks.o
    0x00003b22   0x00003b22   0x00000002   PAD
    0x00003b24   0x00003b24   0x00000034   Code   RO          646    .text.vTaskPlaceOnEventList  tasks.o
    0x00003b58   0x00003b58   0x00000072   Code   RO          650    .text.vTaskPlaceOnEventListRestricted  tasks.o
    0x00003bca   0x00003bca   0x00000002   PAD
    0x00003bcc   0x00003bcc   0x00000166   Code   RO          684    .text.vTaskPriorityDisinheritAfterTimeout  tasks.o
    0x00003d32   0x00003d32   0x00000002   PAD
    0x00003d34   0x00003d34   0x00000082   Code   RO          618    .text.vTaskStartScheduler  tasks.o
    0x00003db6   0x00003db6   0x00000002   PAD
    0x00003db8   0x00003db8   0x00000010   Code   RO          588    .text.vTaskSuspendAll  tasks.o
    0x00003dc8   0x00003dc8   0x00000138   Code   RO          610    .text.vTaskSwitchContext  tasks.o
    0x00003f00   0x00003f00   0x000001ac   Code   RO          417    .text.xPortStartScheduler  port.o
    0x000040ac   0x000040ac   0x0000003e   Code   RO          433    .text.xPortSysTickHandler  port.o
    0x000040ea   0x000040ea   0x00000002   PAD
    0x000040ec   0x000040ec   0x00000050   Code   RO          513    .text.xQueueCreateCountingSemaphore  queue.o
    0x0000413c   0x0000413c   0x00000026   Code   RO          493    .text.xQueueCreateMutex  queue.o
    0x00004162   0x00004162   0x00000002   PAD
    0x00004164   0x00004164   0x00000032   Code   RO          497    .text.xQueueCreateMutexStatic  queue.o
    0x00004196   0x00004196   0x00000002   PAD
    0x00004198   0x00004198   0x00000094   Code   RO          491    .text.xQueueGenericCreate  queue.o
    0x0000422c   0x0000422c   0x0000009e   Code   RO          485    .text.xQueueGenericCreateStatic  queue.o
    0x000042ca   0x000042ca   0x00000002   PAD
    0x000042cc   0x000042cc   0x000000ec   Code   RO          483    .text.xQueueGenericReset  queue.o
    0x000043b8   0x000043b8   0x000001f4   Code   RO          505    .text.xQueueGenericSend  queue.o
    0x000045ac   0x000045ac   0x00000124   Code   RO          523    .text.xQueueGiveFromISR  queue.o
    0x000046d0   0x000046d0   0x000001b2   Code   RO          525    .text.xQueueReceive  queue.o
    0x00004882   0x00004882   0x00000002   PAD
    0x00004884   0x00004884   0x000001e6   Code   RO          509    .text.xQueueSemaphoreTake  queue.o
    0x00004a6a   0x00004a6a   0x00000002   PAD
    0x00004a6c   0x00004a6c   0x000000e0   Code   RO          660    .text.xTaskCheckForTimeOut  tasks.o
    0x00004b4c   0x00004b4c   0x00000052   Code   RO          576    .text.xTaskCreate   tasks.o
    0x00004b9e   0x00004b9e   0x00000002   PAD
    0x00004ba0   0x00004ba0   0x0000005c   Code   RO          570    .text.xTaskCreateStatic  tasks.o
    0x00004bfc   0x00004bfc   0x00000038   Code   RO          678    .text.xTaskGetSchedulerState  tasks.o
    0x00004c34   0x00004c34   0x00000014   Code   RO          628    .text.xTaskGetTickCount  tasks.o
    0x00004c48   0x00004c48   0x00000276   Code   RO          626    .text.xTaskIncrementTick  tasks.o
    0x00004ebe   0x00004ebe   0x00000002   PAD
    0x00004ec0   0x00004ec0   0x0000011e   Code   RO          682    .text.xTaskPriorityDisinherit  tasks.o
    0x00004fde   0x00004fde   0x00000002   PAD
    0x00004fe0   0x00004fe0   0x0000015c   Code   RO          680    .text.xTaskPriorityInherit  tasks.o
    0x0000513c   0x0000513c   0x000001a2   Code   RO          652    .text.xTaskRemoveFromEventList  tasks.o
    0x000052de   0x000052de   0x00000002   PAD
    0x000052e0   0x000052e0   0x00000248   Code   RO          592    .text.xTaskResumeAll  tasks.o
    0x00005528   0x00005528   0x00000086   Code   RO          750    .text.xTimerCreateTimerTask  timers.o
    0x000055ae   0x000055ae   0x0000003e   Code   RO         1005    CL$$btod_d2e        c_w.l(btod.o)
    0x000055ec   0x000055ec   0x00000046   Code   RO         1007    CL$$btod_d2e_denorm_low  c_w.l(btod.o)
    0x00005632   0x00005632   0x00000060   Code   RO         1006    CL$$btod_d2e_norm_op1  c_w.l(btod.o)
    0x00005692   0x00005692   0x00000002   PAD
    0x00005694   0x00005694   0x00000338   Code   RO         1015    CL$$btod_div_common  c_w.l(btod.o)
    0x000059cc   0x000059cc   0x000000dc   Code   RO         1012    CL$$btod_e2e        c_w.l(btod.o)
    0x00005aa8   0x00005aa8   0x0000002a   Code   RO         1009    CL$$btod_ediv       c_w.l(btod.o)
    0x00005ad2   0x00005ad2   0x0000002a   Code   RO         1008    CL$$btod_emul       c_w.l(btod.o)
    0x00005afc   0x00005afc   0x00000244   Code   RO         1014    CL$$btod_mult_common  c_w.l(btod.o)
    0x00005d40   0x00005d40   0x00000030   Code   RO         1041    i.__ARM_fpclassify  m_wm.l(fpclassify.o)
    0x00005d70   0x00005d70   0x0000000e   Code   RO          909    i._is_digit         c_w.l(__printf_wp.o)
    0x00005d7e   0x00005d7e   0x00000002   PAD
    0x00005d80   0x00005d80   0x0000002c   Code   RO         1030    locale$$code        c_w.l(lc_numeric_c.o)
    0x00005dac   0x00005dac   0x0000002c   Code   RO         1051    locale$$code        c_w.l(lc_ctype_c.o)
    0x00005dd8   0x00005dd8   0x0000001a   Code   RO          848    x$fpl$fpinit        fz_wm.l(fpinit.o)
    0x00005df2   0x00005df2   0x00000004   Code   RO          946    x$fpl$printf1       fz_wm.l(printf1.o)
    0x00005df6   0x00005df6   0x00000004   Code   RO          948    x$fpl$printf2       fz_wm.l(printf2.o)
    0x00005dfa   0x00005dfa   0x00000000   Code   RO         1040    x$fpl$usenofp       fz_wm.l(usenofp.o)
    0x00005dfa   0x00005dfa   0x00000002   PAD
    0x00005dfc   0x00005dfc   0x00000008   Data   RO          868    .constdata          c_w.l(_printf_wctomb.o)
    0x00005e04   0x00005e04   0x00000028   Data   RO          897    .constdata          c_w.l(_printf_hex_int_ll_ptr.o)
    0x00005e2c   0x00005e2c   0x00000011   Data   RO          917    .constdata          c_w.l(__printf_flags_ss_wp.o)
    0x00005e3d   0x00005e3d   0x00000026   Data   RO          978    .constdata          c_w.l(_printf_fp_hex.o)
    0x00005e63   0x00005e63   0x00000001   PAD
    0x00005e64   0x00005e64   0x00000094   Data   RO         1003    .constdata          c_w.l(bigflt0.o)
    0x00005ef8   0x00005ef8   0x00000017   Data   RO            9    .rodata.str1.1      basic_io.o
    0x00005f0f   0x00005f0f   0x0000016f   Data   RO           65    .rodata.str1.1      main.o
    0x0000607e   0x0000607e   0x00000005   Data   RO          742    .rodata.str1.1      tasks.o
    0x00006083   0x00006083   0x00000008   Data   RO          815    .rodata.str1.1      timers.o
    0x0000608b   0x0000608b   0x00000001   PAD
    0x0000608c   0x0000608c   0x00000004   Data   RO          733    .rodata.uxTopUsedPriority  tasks.o
    0x00006090   0x00006090   0x00000020   Data   RO         1180    Region$$Table       anon$$obj.o
    0x000060b0   0x000060b0   0x0000001c   Data   RO         1029    locale$$data        c_w.l(lc_numeric_c.o)
    0x000060cc   0x000060cc   0x00000110   Data   RO         1050    locale$$data        c_w.l(lc_ctype_c.o)


    Execution Region ER_RW (Exec base: 0x20000000, Load base: 0x000061dc, Size: 0x00000008, Max: 0xffffffff, ABSOLUTE)

    Exec Addr    Load Addr    Size         Type   Attr      Idx    E Section Name        Object

    0x20000000   0x000061dc   0x00000004   Data   RW          346    .data.SystemCoreClock  system_tm4c123.o
    0x20000004   0x000061e0   0x00000004   Data   RW          439    .data.uxCriticalNesting  port.o


    Execution Region ER_ZI (Exec base: 0x20000008, Load base: 0x000061e4, Size: 0x00002f08, Max: 0xffffffff, ABSOLUTE)

    Exec Addr    Load Addr    Size         Type   Attr      Idx    E Section Name        Object

    0x20000008        -       0x00000060   Zero   RW         1044    .bss                c_w.l(libspace.o)
    0x20000068        -       0x00000032   Zero   RW            8    .bss.cBuffer        basic_io.o
    0x2000009a   0x000061e4   0x00000002   PAD
    0x2000009c        -       0x00000190   Zero   RW           98    .bss.clib_mutex_cb  clib_os.o
    0x2000022c        -       0x00000014   Zero   RW           97    .bss.clib_mutex_id  clib_os.o
    0x20000240        -       0x00000001   Zero   RW           62    .bss.gateState      main.o
    0x20000241        -       0x00000050   Zero   RW          823    .bss.prvCheckForValidListAndQueue.ucStaticTimerQueueStorage  timers.o
    0x20000291   0x000061e4   0x00000003   PAD
    0x20000294        -       0x00000050   Zero   RW          822    .bss.prvCheckForValidListAndQueue.xStaticTimerQueue  timers.o
    0x200002e4        -       0x00000004   Zero   RW          819    .bss.prvSampleTimeNow.xLastTime  timers.o
    0x200002e8        -       0x00000004   Zero   RW          716    .bss.pxCurrentTCB   tasks.o
    0x200002ec        -       0x00000004   Zero   RW          817    .bss.pxCurrentTimerList  timers.o
    0x200002f0        -       0x00000004   Zero   RW          724    .bss.pxDelayedTaskList  tasks.o
    0x200002f4        -       0x00000004   Zero   RW          469    .bss.pxEnd          heap_4.o
    0x200002f8        -       0x00000004   Zero   RW          725    .bss.pxOverflowDelayedTaskList  tasks.o
    0x200002fc        -       0x00000004   Zero   RW          818    .bss.pxOverflowTimerList  timers.o
    0x20000300        -       0x00000460   Zero   RW          728    .bss.pxReadyTasksLists  tasks.o
    0x20000760        -       0x00002000   Zero   RW          472    .bss.ucHeap         heap_4.o
    0x20002760        -       0x00000001   Zero   RW          437    .bss.ucMaxSysCallPriority  port.o
    0x20002761   0x000061e4   0x00000003   PAD
    0x20002764        -       0x00000004   Zero   RW          438    .bss.ulMaxPRIGROUPValue  port.o
    0x20002768        -       0x00000004   Zero   RW          721    .bss.uxCurrentNumberOfTasks  tasks.o
    0x2000276c        -       0x00000004   Zero   RW          720    .bss.uxDeletedTasksWaitingCleanUp  tasks.o
    0x20002770        -       0x00000004   Zero   RW          722    .bss.uxSchedulerSuspended  tasks.o
    0x20002774        -       0x00000004   Zero   RW          717    .bss.uxTaskNumber   tasks.o
    0x20002778        -       0x00000004   Zero   RW          729    .bss.uxTopReadyPriority  tasks.o
    0x2000277c        -       0x00000200   Zero   RW          737    .bss.vApplicationGetIdleTaskMemory.uxIdleTaskStack  tasks.o
    0x2000297c        -       0x0000005c   Zero   RW          736    .bss.vApplicationGetIdleTaskMemory.xIdleTaskTCB  tasks.o
    0x200029d8        -       0x00000200   Zero   RW          739    .bss.vApplicationGetTimerTaskMemory.uxTimerTaskStack  tasks.o
    0x20002bd8        -       0x0000005c   Zero   RW          738    .bss.vApplicationGetTimerTaskMemory.xTimerTaskTCB  tasks.o
    0x20002c34        -       0x00000014   Zero   RW          820    .bss.xActiveTimerList1  timers.o
    0x20002c48        -       0x00000014   Zero   RW          821    .bss.xActiveTimerList2  timers.o
    0x20002c5c        -       0x00000014   Zero   RW          740    .bss.xDelayedTaskList1  tasks.o
    0x20002c70        -       0x00000014   Zero   RW          741    .bss.xDelayedTaskList2  tasks.o
    0x20002c84        -       0x00000004   Zero   RW           64    .bss.xEntrySemaphore  main.o
    0x20002c88        -       0x00000004   Zero   RW           67    .bss.xExitSemaphore  main.o
    0x20002c8c        -       0x00000004   Zero   RW          470    .bss.xFreeBytesRemaining  heap_4.o
    0x20002c90        -       0x00000004   Zero   RW           68    .bss.xGateStateMutex  main.o
    0x20002c94        -       0x00000004   Zero   RW          732    .bss.xIdleTaskHandles  tasks.o
    0x20002c98        -       0x00000004   Zero   RW          473    .bss.xMinimumEverFreeBytesRemaining  heap_4.o
    0x20002c9c        -       0x00000004   Zero   RW          731    .bss.xNextTaskUnblockTime  tasks.o
    0x20002ca0        -       0x00000004   Zero   RW          735    .bss.xNumOfOverflows  tasks.o
    0x20002ca4        -       0x00000004   Zero   RW          474    .bss.xNumberOfSuccessfulAllocations  heap_4.o
    0x20002ca8        -       0x00000004   Zero   RW          475    .bss.xNumberOfSuccessfulFrees  heap_4.o
    0x20002cac        -       0x00000004   Zero   RW           63    .bss.xObstacleSemaphore  main.o
    0x20002cb0        -       0x00000004   Zero   RW           66    .bss.xParkingSpotsSemaphore  main.o
    0x20002cb4        -       0x00000004   Zero   RW          734    .bss.xPendedTicks   tasks.o
    0x20002cb8        -       0x00000014   Zero   RW          726    .bss.xPendingReadyList  tasks.o
    0x20002ccc        -       0x00000004   Zero   RW          718    .bss.xSchedulerRunning  tasks.o
    0x20002cd0        -       0x00000008   Zero   RW          471    .bss.xStart         heap_4.o
    0x20002cd8        -       0x00000014   Zero   RW          727    .bss.xSuspendedTaskList  tasks.o
    0x20002cec        -       0x00000014   Zero   RW          719    .bss.xTasksWaitingTermination  tasks.o
    0x20002d00        -       0x00000004   Zero   RW          723    .bss.xTickCount     tasks.o
    0x20002d04        -       0x00000004   Zero   RW          814    .bss.xTimerQueue    timers.o
    0x20002d08        -       0x00000004   Zero   RW          816    .bss.xTimerTaskHandle  timers.o
    0x20002d0c        -       0x00000004   Zero   RW          730    .bss.xYieldPendings  tasks.o
    0x20002d10        -       0x00000000   Zero   RW          331    HEAP                startup_tm4c123.o
    0x20002d10        -       0x00000200   Zero   RW          330    STACK               startup_tm4c123.o


==============================================================================

Image component sizes


      Code (inc. data)   RO Data    RW Data    ZI Data      Debug   Object Name

       100          0         23          0         50       1019   basic_io.o
       422          0          0          0        420       4332   clib_os.o
        46          0          0          0          0      29964   cmsis_os2.o
        32          0          0          0          0        544   consoleprint.o
      1368          0          0          0       8220       4892   heap_4.o
       238          0          0          0          0       2358   list.o
      1554          0        367          0         21       3737   main.o
      1138         16          0          4          5       3740   port.o
      3294          0          0          0          0      15567   queue.o
       130          0          0          0          0       1741   retarget.o
       276         24        620          0        512       5464   startup_tm4c123.o
       268          0          0          4          0       6807   system_tm4c123.o
      5860          0          9          0       2488      28087   tasks.o
      1306         10          8          0        220      11560   timers.o

    ----------------------------------------------------------------------
     16130         50       1060          8      11944     119812   Object Totals
         0          0         32          0          0          0   (incl. Generated)
        98          0          1          0          8          0   (incl. Padding)

    ----------------------------------------------------------------------

      Code (inc. data)   RO Data    RW Data    ZI Data      Debug   Library Member Name

         8          0          0          0          0         68   __main.o
       392          4         17          0          0         92   __printf_flags_ss_wp.o
        14          0          0          0          0         68   __printf_wp.o
         0          0          0          0          0          0   __rtentry.o
        20          0          0          0          0          0   __rtentry2.o
         6          0          0          0          0          0   __rtentry4.o
        94          8          0          0          0          0   __scatter.o
        26          0          0          0          0          0   __scatter_copy.o
        28          0          0          0          0          0   __scatter_zi.o
        72          0          0          0          0         96   _c16rtomb.o
         6          0          0          0          0          0   _printf_a.o
         6          0          0          0          0          0   _printf_c.o
        44          0          0          0          0        108   _printf_char.o
        48          6          0          0          0         96   _printf_char_common.o
        40          0          0          0          0         68   _printf_charcount.o
         6          0          0          0          0          0   _printf_d.o
       120         16          0          0          0         92   _printf_dec.o
         6          0          0          0          0          0   _printf_e.o
         6          0          0          0          0          0   _printf_f.o
      1052          0          0          0          0        148   _printf_fp_dec.o
       764          8         38          0          0        100   _printf_fp_hex.o
       128         16          0          0          0         84   _printf_fp_infnan.o
         6          0          0          0          0          0   _printf_g.o
       148          4         40          0          0        160   _printf_hex_int_ll_ptr.o
         6          0          0          0          0          0   _printf_i.o
       178          0          0          0          0         88   _printf_intcommon.o
        10          0          0          0          0          0   _printf_l.o
         6          0          0          0          0          0   _printf_lc.o
        10          0          0          0          0          0   _printf_ll.o
         6          0          0          0          0          0   _printf_lld.o
         6          0          0          0          0          0   _printf_lli.o
         6          0          0          0          0          0   _printf_llo.o
         6          0          0          0          0          0   _printf_llu.o
         6          0          0          0          0          0   _printf_llx.o
       124         16          0          0          0         92   _printf_longlong_dec.o
         6          0          0          0          0          0   _printf_ls.o
         6          0          0          0          0          0   _printf_n.o
         6          0          0          0          0          0   _printf_o.o
       112          8          0          0          0        124   _printf_oct_int_ll.o
         6          0          0          0          0          0   _printf_p.o
        78          0          0          0          0        108   _printf_pad.o
         0          0          0          0          0          0   _printf_percent.o
         4          0          0          0          0          0   _printf_percent_end.o
         6          0          0          0          0          0   _printf_s.o
        82          0          0          0          0         80   _printf_str.o
        36          0          0          0          0         84   _printf_truncate.o
         6          0          0          0          0          0   _printf_u.o
        44          0          0          0          0        108   _printf_wchar.o
       188          6          8          0          0         92   _printf_wctomb.o
         6          0          0          0          0          0   _printf_x.o
        10          0          0          0          0         68   _sputc.o
        16          0          0          0          0         68   aeabi_memset4.o
       228          4        148          0          0         96   bigflt0.o
      1936        128          0          0          0        668   btod.o
        18          0          0          0          0         80   exit.o
         6          0          0          0          0        152   heapauxi.o
        44         10        272          0          0         76   lc_ctype_c.o
        44         10         28          0          0         76   lc_numeric_c.o
         2          0          0          0          0          0   libinit.o
        34          0          0          0          0          0   libinit2.o
         2          0          0          0          0          0   libshutdown.o
         2          0          0          0          0          0   libshutdown2.o
         8          4          0          0         96         68   libspace.o
       138          0          0          0          0         80   lludiv10.o
        16          4          0          0          0         76   rt_ctype_table.o
        10          0          0          0          0         76   rt_locale_twolibspace.o
        68          0          0          0          0         68   rt_memclr.o
        78          0          0          0          0         80   rt_memclr_w.o
       138          0          0          0          0         68   rt_memcpy_v6.o
       100          0          0          0          0         80   rt_memcpy_w.o
         2          0          0          0          0          0   rtexit.o
        10          0          0          0          0          0   rtexit2.o
        44          6          0          0          0         84   sprintf.o
       124          0          0          0          0         88   strcmpv7em.o
        62          0          0          0          0         76   strlen.o
        74          0          0          0          0         80   sys_stackheap_outer.o
        26          0          0          0          0        116   fpinit.o
         4          0          0          0          0        116   printf1.o
         4          0          0          0          0        116   printf2.o
         0          0          0          0          0          0   usenofp.o
        48          0          0          0          0        124   fpclassify.o

    ----------------------------------------------------------------------
      7310        258        552          0         96       4636   Library Totals
        24          0          1          0          0          0   (incl. Padding)

    ----------------------------------------------------------------------

      Code (inc. data)   RO Data    RW Data    ZI Data      Debug   Library Name

      7204        258        551          0         96       4164   c_w.l
        34          0          0          0          0        348   fz_wm.l
        48          0          0          0          0        124   m_wm.l

    ----------------------------------------------------------------------
      7310        258        552          0         96       4636   Library Totals

    ----------------------------------------------------------------------

==============================================================================


      Code (inc. data)   RO Data    RW Data    ZI Data      Debug   

     23440        308       1612          8      12040     121840   Grand Totals
     23440        308       1612          8      12040     121840   ELF Image Totals
     23440        308       1612          8          0          0   ROM Totals

==============================================================================

    Total RO  Size (Code + RO Data)                25052 (  24.46kB)
    Total RW  Size (RW Data + ZI Data)             12048 (  11.77kB)
    Total ROM Size (Code + RO Data + RW Data)      25060 (  24.47kB)

==============================================================================

